Archive member included to satisfy reference by file (symbol)

c:/program files (x86)/gnu tools arm embedded/5.4 2016q3/bin/../lib/gcc/arm-none-eabi/5.4.1/../../../../arm-none-eabi/lib/armv6-m\libm.a(lib_a-s_floor.o)
                              ./Src/t14-usb.o (floor)
c:/program files (x86)/gnu tools arm embedded/5.4 2016q3/bin/../lib/gcc/arm-none-eabi/5.4.1/../../../../arm-none-eabi/lib/armv6-m\libm.a(lib_a-w_pow.o)
                              ./Src/t14-math.o (pow)
c:/program files (x86)/gnu tools arm embedded/5.4 2016q3/bin/../lib/gcc/arm-none-eabi/5.4.1/../../../../arm-none-eabi/lib/armv6-m\libm.a(lib_a-w_sqrt.o)
                              ./Src/t14-math.o (sqrt)
c:/program files (x86)/gnu tools arm embedded/5.4 2016q3/bin/../lib/gcc/arm-none-eabi/5.4.1/../../../../arm-none-eabi/lib/armv6-m\libm.a(lib_a-e_pow.o)
                              c:/program files (x86)/gnu tools arm embedded/5.4 2016q3/bin/../lib/gcc/arm-none-eabi/5.4.1/../../../../arm-none-eabi/lib/armv6-m\libm.a(lib_a-w_pow.o) (__ieee754_pow)
c:/program files (x86)/gnu tools arm embedded/5.4 2016q3/bin/../lib/gcc/arm-none-eabi/5.4.1/../../../../arm-none-eabi/lib/armv6-m\libm.a(lib_a-e_sqrt.o)
                              c:/program files (x86)/gnu tools arm embedded/5.4 2016q3/bin/../lib/gcc/arm-none-eabi/5.4.1/../../../../arm-none-eabi/lib/armv6-m\libm.a(lib_a-w_sqrt.o) (__ieee754_sqrt)
c:/program files (x86)/gnu tools arm embedded/5.4 2016q3/bin/../lib/gcc/arm-none-eabi/5.4.1/../../../../arm-none-eabi/lib/armv6-m\libm.a(lib_a-s_fabs.o)
                              c:/program files (x86)/gnu tools arm embedded/5.4 2016q3/bin/../lib/gcc/arm-none-eabi/5.4.1/../../../../arm-none-eabi/lib/armv6-m\libm.a(lib_a-e_pow.o) (fabs)
c:/program files (x86)/gnu tools arm embedded/5.4 2016q3/bin/../lib/gcc/arm-none-eabi/5.4.1/../../../../arm-none-eabi/lib/armv6-m\libm.a(lib_a-s_finite.o)
                              c:/program files (x86)/gnu tools arm embedded/5.4 2016q3/bin/../lib/gcc/arm-none-eabi/5.4.1/../../../../arm-none-eabi/lib/armv6-m\libm.a(lib_a-w_pow.o) (finite)
c:/program files (x86)/gnu tools arm embedded/5.4 2016q3/bin/../lib/gcc/arm-none-eabi/5.4.1/../../../../arm-none-eabi/lib/armv6-m\libm.a(lib_a-s_lib_ver.o)
                              c:/program files (x86)/gnu tools arm embedded/5.4 2016q3/bin/../lib/gcc/arm-none-eabi/5.4.1/../../../../arm-none-eabi/lib/armv6-m\libm.a(lib_a-w_pow.o) (__fdlib_version)
c:/program files (x86)/gnu tools arm embedded/5.4 2016q3/bin/../lib/gcc/arm-none-eabi/5.4.1/../../../../arm-none-eabi/lib/armv6-m\libm.a(lib_a-s_matherr.o)
                              c:/program files (x86)/gnu tools arm embedded/5.4 2016q3/bin/../lib/gcc/arm-none-eabi/5.4.1/../../../../arm-none-eabi/lib/armv6-m\libm.a(lib_a-w_pow.o) (matherr)
c:/program files (x86)/gnu tools arm embedded/5.4 2016q3/bin/../lib/gcc/arm-none-eabi/5.4.1/../../../../arm-none-eabi/lib/armv6-m\libm.a(lib_a-s_nan.o)
                              c:/program files (x86)/gnu tools arm embedded/5.4 2016q3/bin/../lib/gcc/arm-none-eabi/5.4.1/../../../../arm-none-eabi/lib/armv6-m\libm.a(lib_a-e_pow.o) (nan)
c:/program files (x86)/gnu tools arm embedded/5.4 2016q3/bin/../lib/gcc/arm-none-eabi/5.4.1/../../../../arm-none-eabi/lib/armv6-m\libm.a(lib_a-s_rint.o)
                              c:/program files (x86)/gnu tools arm embedded/5.4 2016q3/bin/../lib/gcc/arm-none-eabi/5.4.1/../../../../arm-none-eabi/lib/armv6-m\libm.a(lib_a-w_pow.o) (rint)
c:/program files (x86)/gnu tools arm embedded/5.4 2016q3/bin/../lib/gcc/arm-none-eabi/5.4.1/../../../../arm-none-eabi/lib/armv6-m\libm.a(lib_a-s_scalbn.o)
                              c:/program files (x86)/gnu tools arm embedded/5.4 2016q3/bin/../lib/gcc/arm-none-eabi/5.4.1/../../../../arm-none-eabi/lib/armv6-m\libm.a(lib_a-e_pow.o) (scalbn)
c:/program files (x86)/gnu tools arm embedded/5.4 2016q3/bin/../lib/gcc/arm-none-eabi/5.4.1/../../../../arm-none-eabi/lib/armv6-m\libm.a(lib_a-s_copysign.o)
                              c:/program files (x86)/gnu tools arm embedded/5.4 2016q3/bin/../lib/gcc/arm-none-eabi/5.4.1/../../../../arm-none-eabi/lib/armv6-m\libm.a(lib_a-s_scalbn.o) (copysign)
c:/program files (x86)/gnu tools arm embedded/5.4 2016q3/bin/../lib/gcc/arm-none-eabi/5.4.1/armv6-m\libgcc.a(_udivsi3.o)
                              ./Src/main.o (__aeabi_uidiv)
c:/program files (x86)/gnu tools arm embedded/5.4 2016q3/bin/../lib/gcc/arm-none-eabi/5.4.1/armv6-m\libgcc.a(_divsi3.o)
                              ./FT801/src/FT_Gpu_Hal.o (__aeabi_idiv)
c:/program files (x86)/gnu tools arm embedded/5.4 2016q3/bin/../lib/gcc/arm-none-eabi/5.4.1/armv6-m\libgcc.a(_dvmd_tls.o)
                              c:/program files (x86)/gnu tools arm embedded/5.4 2016q3/bin/../lib/gcc/arm-none-eabi/5.4.1/armv6-m\libgcc.a(_udivsi3.o) (__aeabi_idiv0)
c:/program files (x86)/gnu tools arm embedded/5.4 2016q3/bin/../lib/gcc/arm-none-eabi/5.4.1/armv6-m\libgcc.a(_arm_cmpdf2.o)
[...]
Memory Configuration

Name             Origin             Length             Attributes
RAM              0x20000000         0x00004000         xrw
CCMRAM           0x00000000         0x00000000         xrw
FLASH            0x08000000         0x00010000         xr
FLASHB1          0x00000000         0x00000000         xr
EXTMEMB0         0x00000000         0x00000000         xr
EXTMEMB1         0x00000000         0x00000000         xr
EXTMEMB2         0x00000000         0x00000000         xr
EXTMEMB3         0x00000000         0x00000000         xr
MEMORY_ARRAY     0x00000000         0x00000000         xrw
*default*        0x00000000         0xffffffff

Linker script and memory map

LOAD ./startup/startup_stm32f072xb.o
LOAD ./Src/GUI.o
LOAD ./Src/main.o
LOAD ./Src/stm32f0xx_hal_msp.o
LOAD ./Src/stm32f0xx_it.o
LOAD ./Src/system_stm32f0xx.o
LOAD ./Src/t14-math.o
LOAD ./Src/t14-ssi.o
LOAD ./Src/t14-usb.o
LOAD ./Src/usb_device.o
LOAD ./Src/usbd_cdc_if.o
LOAD ./Src/usbd_conf.o
LOAD ./Src/usbd_desc.o
LOAD ./Middlewares/ST/STM32_USB_Device_Library/Core/Src/usbd_core.o
LOAD ./Middlewares/ST/STM32_USB_Device_Library/Core/Src/usbd_ctlreq.o
LOAD ./Middlewares/ST/STM32_USB_Device_Library/Core/Src/usbd_ioreq.o
LOAD ./Middlewares/ST/STM32_USB_Device_Library/Class/CDC/Src/usbd_cdc.o
LOAD ./FT801/src/FT_App.o
LOAD ./FT801/src/FT_CoPro_Cmds.o
LOAD ./FT801/src/FT_Gpu_Hal.o
LOAD ./Drivers/STM32F0xx_HAL_Driver/Src/stm32f0xx_hal.o
LOAD ./Drivers/STM32F0xx_HAL_Driver/Src/stm32f0xx_hal_adc.o
LOAD ./Drivers/STM32F0xx_HAL_Driver/Src/stm32f0xx_hal_adc_ex.o
LOAD ./Drivers/STM32F0xx_HAL_Driver/Src/stm32f0xx_hal_cortex.o
LOAD ./Drivers/STM32F0xx_HAL_Driver/Src/stm32f0xx_hal_dma.o
LOAD ./Drivers/STM32F0xx_HAL_Driver/Src/stm32f0xx_hal_flash.o
LOAD ./Drivers/STM32F0xx_HAL_Driver/Src/stm32f0xx_hal_flash_ex.o
LOAD ./Drivers/STM32F0xx_HAL_Driver/Src/stm32f0xx_hal_gpio.o
LOAD ./Drivers/STM32F0xx_HAL_Driver/Src/stm32f0xx_hal_i2c.o
LOAD ./Drivers/STM32F0xx_HAL_Driver/Src/stm32f0xx_hal_i2c_ex.o
LOAD ./Drivers/STM32F0xx_HAL_Driver/Src/stm32f0xx_hal_pcd.o
LOAD ./Drivers/STM32F0xx_HAL_Driver/Src/stm32f0xx_hal_pcd_ex.o
LOAD ./Drivers/STM32F0xx_HAL_Driver/Src/stm32f0xx_hal_pwr.o
LOAD ./Drivers/STM32F0xx_HAL_Driver/Src/stm32f0xx_hal_pwr_ex.o
LOAD ./Drivers/STM32F0xx_HAL_Driver/Src/stm32f0xx_hal_rcc.o
LOAD ./Drivers/STM32F0xx_HAL_Driver/Src/stm32f0xx_hal_rcc_ex.o
LOAD ./Drivers/STM32F0xx_HAL_Driver/Src/stm32f0xx_hal_spi.o
LOAD ./Drivers/STM32F0xx_HAL_Driver/Src/stm32f0xx_hal_spi_ex.o
LOAD ./Drivers/STM32F0xx_HAL_Driver/Src/stm32f0xx_hal_tim.o
LOAD ./Drivers/STM32F0xx_HAL_Driver/Src/stm32f0xx_hal_tim_ex.o
LOAD c:/program files (x86)/gnu tools arm embedded/5.4 2016q3/bin/../lib/gcc/arm-none-eabi/5.4.1/../../../../arm-none-eabi/lib/armv6-m\libstdc++_nano.a
LOAD c:/program files (x86)/gnu tools arm embedded/5.4 2016q3/bin/../lib/gcc/arm-none-eabi/5.4.1/../../../../arm-none-eabi/lib/armv6-m\libm.a
START GROUP
LOAD c:/program files (x86)/gnu tools arm embedded/5.4 2016q3/bin/../lib/gcc/arm-none-eabi/5.4.1/armv6-m\libgcc.a
LOAD c:/program files (x86)/gnu tools arm embedded/5.4 2016q3/bin/../lib/gcc/arm-none-eabi/5.4.1/../../../../arm-none-eabi/lib/armv6-m\libg_nano.a
LOAD c:/program files (x86)/gnu tools arm embedded/5.4 2016q3/bin/../lib/gcc/arm-none-eabi/5.4.1/../../../../arm-none-eabi/lib/armv6-m\libc_nano.a
END GROUP
START GROUP
LOAD c:/program files (x86)/gnu tools arm embedded/5.4 2016q3/bin/../lib/gcc/arm-none-eabi/5.4.1/armv6-m\libgcc.a
LOAD c:/program files (x86)/gnu tools arm embedded/5.4 2016q3/bin/../lib/gcc/arm-none-eabi/5.4.1/../../../../arm-none-eabi/lib/armv6-m\libc_nano.a
LOAD c:/program files (x86)/gnu tools arm embedded/5.4 2016q3/bin/../lib/gcc/arm-none-eabi/5.4.1/../../../../arm-none-eabi/lib/armv6-m\libnosys.a
END GROUP
START GROUP
LOAD c:/program files (x86)/gnu tools arm embedded/5.4 2016q3/bin/../lib/gcc/arm-none-eabi/5.4.1/armv6-m\libgcc.a
LOAD c:/program files (x86)/gnu tools arm embedded/5.4 2016q3/bin/../lib/gcc/arm-none-eabi/5.4.1/../../../../arm-none-eabi/lib/armv6-m\libc_nano.a
LOAD c:/program files (x86)/gnu tools arm embedded/5.4 2016q3/bin/../lib/gcc/arm-none-eabi/5.4.1/../../../../arm-none-eabi/lib/armv6-m\libnosys.a
END GROUP
                0x20004000                __stack = (ORIGIN (RAM) + LENGTH (RAM))
                0x20004000                _estack = __stack
                0x00000400                __Main_Stack_Size = 0x400
                [!provide]                PROVIDE (_Main_Stack_Size, __Main_Stack_Size)
                0x20003c00                __Main_Stack_Limit = (__stack - __Main_Stack_Size)
                [!provide]                PROVIDE (_Main_Stack_Limit, __Main_Stack_Limit)
                0x00000100                _Minimum_Stack_Size = 0x100
                [!provide]                PROVIDE (_Heap_Begin, _end_noinit)
                [!provide]                PROVIDE (_Heap_Limit, (__stack - __Main_Stack_Size))

.isr_vector     0x08000000       0xc0
 FILL mask 0xff
                0x08000000                __vectors_start = ABSOLUTE (.)
                0x08000000                __vectors_start__ = ABSOLUTE (.)
 *(.isr_vector)
 .isr_vector    0x08000000       0xc0 ./startup/startup_stm32f072xb.o
                0x08000000                g_pfnVectors
 *(.cfmconfig)
 *(.after_vectors .after_vectors.*)

.inits          0x080000c0       0x28
                0x080000c0                __data_regions_array_start = .
                0x080000c0        0x4 LONG 0x8009d50 LOADADDR (.data)
                0x080000c4        0x4 LONG 0x20000000 ADDR (.data)
                0x080000c8        0x4 LONG 0x20001bc8 (ADDR (.data) + SIZEOF (.data))
                0x080000cc        0x4 LONG 0x8009d50 LOADADDR (.data_CCMRAM)
                0x080000d0        0x4 LONG 0x0 ADDR (.data_CCMRAM)
                0x080000d4        0x4 LONG 0x0 (ADDR (.data_CCMRAM) + SIZEOF (.data_CCMRAM))
                0x080000d8                __data_regions_array_end = .
                0x080000d8                __bss_regions_array_start = .
                0x080000d8        0x4 LONG 0x20001bc8 ADDR (.bss)
                0x080000dc        0x4 LONG 0x200029c4 (ADDR (.bss) + SIZEOF (.bss))
                0x080000e0        0x4 LONG 0x0 ADDR (.bss_CCMRAM)
                0x080000e4        0x4 LONG 0x0 (ADDR (.bss_CCMRAM) + SIZEOF (.bss_CCMRAM))
                0x080000e8                __bss_regions_array_end = .
 *(.init)
 *(.fini)
                0x080000e8                . = ALIGN (0x4)
                0x080000e8                PROVIDE (__preinit_array_start, .)
 *(.preinit_array_sysinit .preinit_array_sysinit.*)
 *(.preinit_array_platform .preinit_array_platform.*)
 *(.preinit_array .preinit_array.*)
                0x080000e8                PROVIDE (__preinit_array_end, .)
                0x080000e8                . = ALIGN (0x4)
                0x080000e8                PROVIDE (__init_array_start, .)
 *(SORT(.init_array.*))
 *(.init_array)
                0x080000e8                PROVIDE (__init_array_end, .)
                0x080000e8                . = ALIGN (0x4)
                [!provide]                PROVIDE (__fini_array_start, .)
 *(SORT(.fini_array.*))
 *(.fini_array)
                [!provide]                PROVIDE (__fini_array_end, .)

.flashtext
 *(.flashtext .flashtext.*)

.text           0x080000e8     0x9c68
 *(.text .text.*)
 .text.Reset_Handler
                0x080000e8       0x50 ./startup/startup_stm32f072xb.o
                0x080000e8                Reset_Handler
 .text.Default_Handler
                0x08000138        0x2 ./startup/startup_stm32f072xb.o
                0x08000138                TIM1_CC_IRQHandler
                0x08000138                TSC_IRQHandler
                0x08000138                ADC1_COMP_IRQHandler
                0x08000138                I2C1_IRQHandler
                0x08000138                RCC_CRS_IRQHandler
                0x08000138                SPI1_IRQHandler
                0x08000138                TIM6_DAC_IRQHandler
                0x08000138                USART3_4_IRQHandler
                0x08000138                EXTI2_3_IRQHandler
                0x08000138                I2C2_IRQHandler
                0x08000138                TIM17_IRQHandler
                0x08000138                CEC_CAN_IRQHandler
                0x08000138                RTC_IRQHandler
                0x08000138                PVD_VDDIO2_IRQHandler
                0x08000138                DMA1_Channel4_5_6_7_IRQHandler
                0x08000138                TIM16_IRQHandler
                0x08000138                TIM3_IRQHandler
                0x08000138                EXTI4_15_IRQHandler
                0x08000138                Default_Handler
                0x08000138                TIM14_IRQHandler
                0x08000138                TIM7_IRQHandler
                0x08000138                TIM15_IRQHandler
                0x08000138                EXTI0_1_IRQHandler
                0x08000138                SPI2_IRQHandler
                0x08000138                WWDG_IRQHandler
                0x08000138                DMA1_Channel2_3_IRQHandler
                0x08000138                USART2_IRQHandler
                0x08000138                FLASH_IRQHandler
                0x08000138                USART1_IRQHandler
                0x08000138                TIM1_BRK_UP_TRG_COM_IRQHandler
 *fill*         0x0800013a        0x2 
 .text.delay_ms
                0x0800013c       0x20 ./Src/GUI.o
                0x0800013c                delay_ms
 .text.SPI_LCD_CS_HIGH
                0x0800015c       0x14 ./Src/GUI.o
                0x0800015c                SPI_LCD_CS_HIGH
 .text.SPI_LCD_CS_LOW
                0x08000170       0x14 ./Src/GUI.o
                0x08000170                SPI_LCD_CS_LOW
 .text.SPI_PD_HIGH
                0x08000184       0x14 ./Src/GUI.o
                0x08000184                SPI_PD_HIGH
 .text.SPI_PD_LOW
                0x08000198       0x14 ./Src/GUI.o
                0x08000198                SPI_PD_LOW
 .text.MX_GPIO_Init
                0x080001ac       0xb0 ./Src/main.o
 .text.MX_DMA_Init
                0x0800025c       0x30 ./Src/main.o
 .text._init    0x0800028c        0x4 ./Src/main.o
                0x0800028c                _init
 .text.TIM2_IRQHandler
                0x08000290       0x94 ./Src/main.o
                0x08000290                TIM2_IRQHandler
 .text._Error_Handler
                0x08000324        0x4 ./Src/main.o
                0x08000324                _Error_Handler
 .text.MX_ADC_Init
                0x08000328       0x74 ./Src/main.o
 .text.MX_SPI1_Init
                0x0800039c       0x58 ./Src/main.o
 .text.MX_TIM2_Init
                0x080003f4       0x7c ./Src/main.o
 .text.SystemClock_Config
                0x08000470       0xb8 ./Src/main.o
                0x08000470                SystemClock_Config
 .text.main     0x08000528       0xf4 ./Src/main.o
                0x08000528                main
 .text.assert_failed
                0x0800061c        0x4 ./Src/main.o
                0x0800061c                assert_failed
 .text.HAL_MspInit
                0x08000620       0x40 ./Src/stm32f0xx_hal_msp.o
                0x08000620                HAL_MspInit
 .text.HAL_ADC_MspInit
                0x08000660       0x8c ./Src/stm32f0xx_hal_msp.o
                0x08000660                HAL_ADC_MspInit
 .text.HAL_SPI_MspInit
                0x080006ec       0x4c ./Src/stm32f0xx_hal_msp.o
                0x080006ec                HAL_SPI_MspInit
 .text.HAL_TIM_Base_MspInit
                0x08000738       0x38 ./Src/stm32f0xx_hal_msp.o
                0x08000738                HAL_TIM_Base_MspInit
 .text.NMI_Handler
                0x08000770        0x4 ./Src/stm32f0xx_it.o
                0x08000770                NMI_Handler
 .text.HardFault_Handler
                0x08000774        0x4 ./Src/stm32f0xx_it.o
                0x08000774                HardFault_Handler
 .text.SVC_Handler
                0x08000778        0x4 ./Src/stm32f0xx_it.o
                0x08000778                SVC_Handler
 .text.PendSV_Handler
                0x0800077c        0x4 ./Src/stm32f0xx_it.o
                0x0800077c                PendSV_Handler
 .text.SysTick_Handler
                0x08000780        0xc ./Src/stm32f0xx_it.o
                0x08000780                SysTick_Handler
 .text.DMA1_Channel1_IRQHandler
                0x0800078c       0x10 ./Src/stm32f0xx_it.o
                0x0800078c                DMA1_Channel1_IRQHandler
 .text.USB_IRQHandler
                0x0800079c       0x10 ./Src/stm32f0xx_it.o
                0x0800079c                USB_IRQHandler
 .text.SystemInit
                0x080007ac       0x60 ./Src/system_stm32f0xx.o
                0x080007ac                SystemInit
 .text.SSI_CLK_HIGH
                0x0800080c       0x14 ./Src/t14-ssi.o
                0x0800080c                SSI_CLK_HIGH
 .text.SSI_CLK_LOW
                0x08000820       0x14 ./Src/t14-ssi.o
                0x08000820                SSI_CLK_LOW
 .text.SSI_DATA_PORT
                0x08000834       0x10 ./Src/t14-ssi.o
                0x08000834                SSI_DATA_PORT
 .text.ReadSSI  0x08000844       0x74 ./Src/t14-ssi.o
                0x08000844                ReadSSI
 .text.hextoascii
                0x080008b8       0x6c ./Src/t14-usb.o
                0x080008b8                hextoascii
 .text.USB_Send_DataPair
                0x08000924      0x25c ./Src/t14-usb.o
                0x08000924                USB_Send_DataPair
 .text.MX_USB_DEVICE_Init
                0x08000b80       0x38 ./Src/usb_device.o
                0x08000b80                MX_USB_DEVICE_Init
 .text.CDC_DeInit_FS
                0x08000bb8        0x4 ./Src/usbd_cdc_if.o
 .text.CDC_Control_FS
                0x08000bbc        0x4 ./Src/usbd_cdc_if.o
 .text.CDC_Receive_FS
                0x08000bc0       0x1c ./Src/usbd_cdc_if.o
 .text.CDC_Init_FS
                0x08000bdc       0x28 ./Src/usbd_cdc_if.o
 .text.CDC_Transmit_FS
                0x08000c04       0x30 ./Src/usbd_cdc_if.o
                0x08000c04                CDC_Transmit_FS
 .text.SystemClockConfig_Resume
                0x08000c34        0x8 ./Src/usbd_conf.o
 .text.HAL_PCD_MspInit
                0x08000c3c       0x3c ./Src/usbd_conf.o
                0x08000c3c                HAL_PCD_MspInit
 .text.HAL_PCD_SetupStageCallback
                0x08000c78       0x14 ./Src/usbd_conf.o
                0x08000c78                HAL_PCD_SetupStageCallback
 .text.HAL_PCD_DataOutStageCallback
                0x08000c8c       0x20 ./Src/usbd_conf.o
                0x08000c8c                HAL_PCD_DataOutStageCallback
 .text.HAL_PCD_DataInStageCallback
                0x08000cac       0x1c ./Src/usbd_conf.o
                0x08000cac                HAL_PCD_DataInStageCallback
 .text.HAL_PCD_SOFCallback
                0x08000cc8       0x10 ./Src/usbd_conf.o
                0x08000cc8                HAL_PCD_SOFCallback
 .text.HAL_PCD_ResetCallback
                0x08000cd8       0x18 ./Src/usbd_conf.o
                0x08000cd8                HAL_PCD_ResetCallback
 .text.HAL_PCD_SuspendCallback
                0x08000cf0       0x24 ./Src/usbd_conf.o
                0x08000cf0                HAL_PCD_SuspendCallback
 .text.HAL_PCD_ResumeCallback
                0x08000d14       0x28 ./Src/usbd_conf.o
                0x08000d14                HAL_PCD_ResumeCallback
 .text.USBD_LL_Init
                0x08000d3c       0x90 ./Src/usbd_conf.o
                0x08000d3c                USBD_LL_Init
 .text.USBD_LL_Start
                0x08000dcc       0x24 ./Src/usbd_conf.o
                0x08000dcc                USBD_LL_Start
 .text.USBD_LL_OpenEP
                0x08000df0       0x28 ./Src/usbd_conf.o
                0x08000df0                USBD_LL_OpenEP
 .text.USBD_LL_CloseEP
                0x08000e18       0x24 ./Src/usbd_conf.o
                0x08000e18                USBD_LL_CloseEP
 .text.USBD_LL_StallEP
                0x08000e3c       0x24 ./Src/usbd_conf.o
                0x08000e3c                USBD_LL_StallEP
 .text.USBD_LL_ClearStallEP
                0x08000e60       0x24 ./Src/usbd_conf.o
                0x08000e60                USBD_LL_ClearStallEP
 .text.USBD_LL_IsStallEP
                0x08000e84       0x34 ./Src/usbd_conf.o
                0x08000e84                USBD_LL_IsStallEP
 .text.USBD_LL_SetUSBAddress
                0x08000eb8       0x24 ./Src/usbd_conf.o
                0x08000eb8                USBD_LL_SetUSBAddress
 .text.USBD_LL_Transmit
                0x08000edc       0x24 ./Src/usbd_conf.o
                0x08000edc                USBD_LL_Transmit
 .text.USBD_LL_PrepareReceive
                0x08000f00       0x24 ./Src/usbd_conf.o
                0x08000f00                USBD_LL_PrepareReceive
 .text.USBD_LL_GetRxDataSize
                0x08000f24       0x10 ./Src/usbd_conf.o
                0x08000f24                USBD_LL_GetRxDataSize
 .text.USBD_static_malloc
                0x08000f34        0x8 ./Src/usbd_conf.o
                0x08000f34                USBD_static_malloc
 .text.USBD_static_free
                0x08000f3c        0x4 ./Src/usbd_conf.o
                0x08000f3c                USBD_static_free
 .text.USBD_FS_DeviceDescriptor
                0x08000f40        0xc ./Src/usbd_desc.o
                0x08000f40                USBD_FS_DeviceDescriptor
 .text.USBD_FS_LangIDStrDescriptor
                0x08000f4c        0xc ./Src/usbd_desc.o
                0x08000f4c                USBD_FS_LangIDStrDescriptor
 .text.USBD_FS_ProductStrDescriptor
                0x08000f58       0x28 ./Src/usbd_desc.o
                0x08000f58                USBD_FS_ProductStrDescriptor
 .text.USBD_FS_ManufacturerStrDescriptor
                0x08000f80       0x1c ./Src/usbd_desc.o
                0x08000f80                USBD_FS_ManufacturerStrDescriptor
 .text.USBD_FS_SerialStrDescriptor
                0x08000f9c       0x28 ./Src/usbd_desc.o
                0x08000f9c                USBD_FS_SerialStrDescriptor
 .text.USBD_FS_ConfigStrDescriptor
                0x08000fc4       0x28 ./Src/usbd_desc.o
                0x08000fc4                USBD_FS_ConfigStrDescriptor
 .text.USBD_FS_InterfaceStrDescriptor
                0x08000fec       0x28 ./Src/usbd_desc.o
                0x08000fec                USBD_FS_InterfaceStrDescriptor
 .text.USBD_Init
                0x08001014       0x38 ./Middlewares/ST/STM32_USB_Device_Library/Core/Src/usbd_core.o
                0x08001014                USBD_Init
 .text.USBD_RegisterClass
                0x0800104c       0x14 ./Middlewares/ST/STM32_USB_Device_Library/Core/Src/usbd_core.o
                0x0800104c                USBD_RegisterClass
 .text.USBD_Start
                0x08001060        0xc ./Middlewares/ST/STM32_USB_Device_Library/Core/Src/usbd_core.o
                0x08001060                USBD_Start
 .text.USBD_SetClassConfig
                0x0800106c       0x20 ./Middlewares/ST/STM32_USB_Device_Library/Core/Src/usbd_core.o
                0x0800106c                USBD_SetClassConfig
 .text.USBD_ClrClassConfig
                0x0800108c       0x10 ./Middlewares/ST/STM32_USB_Device_Library/Core/Src/usbd_core.o
                0x0800108c                USBD_ClrClassConfig
 .text.USBD_LL_SetupStage
                0x0800109c       0x68 ./Middlewares/ST/STM32_USB_Device_Library/Core/Src/usbd_core.o
                0x0800109c                USBD_LL_SetupStage
 .text.USBD_LL_DataOutStage
                0x08001104       0x78 ./Middlewares/ST/STM32_USB_Device_Library/Core/Src/usbd_core.o
                0x08001104                USBD_LL_DataOutStage
 .text.USBD_LL_DataInStage
                0x0800117c       0xc0 ./Middlewares/ST/STM32_USB_Device_Library/Core/Src/usbd_core.o
                0x0800117c                USBD_LL_DataInStage
 .text.USBD_LL_Reset
                0x0800123c       0x48 ./Middlewares/ST/STM32_USB_Device_Library/Core/Src/usbd_core.o
                0x0800123c                USBD_LL_Reset
 .text.USBD_LL_SetSpeed
                0x08001284        0x8 ./Middlewares/ST/STM32_USB_Device_Library/Core/Src/usbd_core.o
                0x08001284                USBD_LL_SetSpeed
 .text.USBD_LL_Suspend
                0x0800128c       0x18 ./Middlewares/ST/STM32_USB_Device_Library/Core/Src/usbd_core.o
                0x0800128c                USBD_LL_Suspend
 .text.USBD_LL_Resume
                0x080012a4       0x10 ./Middlewares/ST/STM32_USB_Device_Library/Core/Src/usbd_core.o
                0x080012a4                USBD_LL_Resume
 .text.USBD_LL_SOF
                0x080012b4       0x20 ./Middlewares/ST/STM32_USB_Device_Library/Core/Src/usbd_core.o
                0x080012b4                USBD_LL_SOF
 .text.USBD_GetLen
                0x080012d4       0x14 ./Middlewares/ST/STM32_USB_Device_Library/Core/Src/usbd_ctlreq.o
 .text.USBD_SetFeature
                0x080012e8       0x24 ./Middlewares/ST/STM32_USB_Device_Library/Core/Src/usbd_ctlreq.o
 .text.USBD_ParseSetupRequest
                0x0800130c       0x28 ./Middlewares/ST/STM32_USB_Device_Library/Core/Src/usbd_ctlreq.o
                0x0800130c                USBD_ParseSetupRequest
 .text.USBD_CtlError
                0x08001334       0x14 ./Middlewares/ST/STM32_USB_Device_Library/Core/Src/usbd_ctlreq.o
                0x08001334                USBD_CtlError
 .text.USBD_GetDescriptor
                0x08001348      0x158 ./Middlewares/ST/STM32_USB_Device_Library/Core/Src/usbd_ctlreq.o
 .text.USBD_SetAddress
                0x080014a0       0x58 ./Middlewares/ST/STM32_USB_Device_Library/Core/Src/usbd_ctlreq.o
 .text.USBD_SetConfig
                0x080014f8       0xb0 ./Middlewares/ST/STM32_USB_Device_Library/Core/Src/usbd_ctlreq.o
 .text.USBD_GetConfig
                0x080015a8       0x40 ./Middlewares/ST/STM32_USB_Device_Library/Core/Src/usbd_ctlreq.o
 .text.USBD_GetStatus
                0x080015e8       0x34 ./Middlewares/ST/STM32_USB_Device_Library/Core/Src/usbd_ctlreq.o
 .text.USBD_ClrFeature
                0x0800161c       0x38 ./Middlewares/ST/STM32_USB_Device_Library/Core/Src/usbd_ctlreq.o
 .text.USBD_StdDevReq
                0x08001654       0x48 ./Middlewares/ST/STM32_USB_Device_Library/Core/Src/usbd_ctlreq.o
                0x08001654                USBD_StdDevReq
 .text.USBD_StdItfReq
                0x0800169c       0x3c ./Middlewares/ST/STM32_USB_Device_Library/Core/Src/usbd_ctlreq.o
                0x0800169c                USBD_StdItfReq
 .text.USBD_StdEPReq
                0x080016d8      0x140 ./Middlewares/ST/STM32_USB_Device_Library/Core/Src/usbd_ctlreq.o
                0x080016d8                USBD_StdEPReq
 .text.USBD_GetString
                0x08001818       0x3c ./Middlewares/ST/STM32_USB_Device_Library/Core/Src/usbd_ctlreq.o
                0x08001818                USBD_GetString
 .text.USBD_CtlSendData
                0x08001854       0x1c ./Middlewares/ST/STM32_USB_Device_Library/Core/Src/usbd_ioreq.o
                0x08001854                USBD_CtlSendData
 .text.USBD_CtlContinueSendData
                0x08001870       0x10 ./Middlewares/ST/STM32_USB_Device_Library/Core/Src/usbd_ioreq.o
                0x08001870                USBD_CtlContinueSendData
 .text.USBD_CtlPrepareRx
                0x08001880       0x20 ./Middlewares/ST/STM32_USB_Device_Library/Core/Src/usbd_ioreq.o
                0x08001880                USBD_CtlPrepareRx
 .text.USBD_CtlContinueRx
                0x080018a0       0x10 ./Middlewares/ST/STM32_USB_Device_Library/Core/Src/usbd_ioreq.o
                0x080018a0                USBD_CtlContinueRx
 .text.USBD_CtlSendStatus
                0x080018b0       0x18 ./Middlewares/ST/STM32_USB_Device_Library/Core/Src/usbd_ioreq.o
                0x080018b0                USBD_CtlSendStatus
 .text.USBD_CtlReceiveStatus
                0x080018c8       0x18 ./Middlewares/ST/STM32_USB_Device_Library/Core/Src/usbd_ioreq.o
                0x080018c8                USBD_CtlReceiveStatus
 .text.USBD_CDC_DataIn
                0x080018e0       0x1c ./Middlewares/ST/STM32_USB_Device_Library/Class/CDC/Src/usbd_cdc.o
 .text.USBD_CDC_EP0_RxReady
                0x080018fc       0x34 ./Middlewares/ST/STM32_USB_Device_Library/Class/CDC/Src/usbd_cdc.o
 .text.USBD_CDC_GetFSCfgDesc
                0x08001930        0xc ./Middlewares/ST/STM32_USB_Device_Library/Class/CDC/Src/usbd_cdc.o
 .text.USBD_CDC_GetHSCfgDesc
                0x0800193c        0xc ./Middlewares/ST/STM32_USB_Device_Library/Class/CDC/Src/usbd_cdc.o
 .text.USBD_CDC_GetOtherSpeedCfgDesc
                0x08001948        0xc ./Middlewares/ST/STM32_USB_Device_Library/Class/CDC/Src/usbd_cdc.o
 .text.USBD_CDC_GetDeviceQualifierDescriptor
                0x08001954        0xc ./Middlewares/ST/STM32_USB_Device_Library/Class/CDC/Src/usbd_cdc.o
                0x08001954                USBD_CDC_GetDeviceQualifierDescriptor
 .text.USBD_CDC_DataOut
                0x08001960       0x38 ./Middlewares/ST/STM32_USB_Device_Library/Class/CDC/Src/usbd_cdc.o
 .text.USBD_CDC_Setup
                0x08001998       0x84 ./Middlewares/ST/STM32_USB_Device_Library/Class/CDC/Src/usbd_cdc.o
 .text.USBD_CDC_DeInit
                0x08001a1c       0x40 ./Middlewares/ST/STM32_USB_Device_Library/Class/CDC/Src/usbd_cdc.o
 .text.USBD_CDC_Init
                0x08001a5c       0xa4 ./Middlewares/ST/STM32_USB_Device_Library/Class/CDC/Src/usbd_cdc.o
 .text.USBD_CDC_RegisterInterface
                0x08001b00       0x14 ./Middlewares/ST/STM32_USB_Device_Library/Class/CDC/Src/usbd_cdc.o
                0x08001b00                USBD_CDC_RegisterInterface
 .text.USBD_CDC_SetTxBuffer
                0x08001b14       0x18 ./Middlewares/ST/STM32_USB_Device_Library/Class/CDC/Src/usbd_cdc.o
                0x08001b14                USBD_CDC_SetTxBuffer
 .text.USBD_CDC_SetRxBuffer
                0x08001b2c       0x10 ./Middlewares/ST/STM32_USB_Device_Library/Class/CDC/Src/usbd_cdc.o
                0x08001b2c                USBD_CDC_SetRxBuffer
 .text.USBD_CDC_TransmitPacket
                0x08001b3c       0x3c ./Middlewares/ST/STM32_USB_Device_Library/Class/CDC/Src/usbd_cdc.o
                0x08001b3c                USBD_CDC_TransmitPacket
 .text.USBD_CDC_ReceivePacket
                0x08001b78       0x3c ./Middlewares/ST/STM32_USB_Device_Library/Class/CDC/Src/usbd_cdc.o
                0x08001b78                USBD_CDC_ReceivePacket
 .text.Ft_App_WrCoCmd_Buffer
                0x08001bb4       0x14 ./FT801/src/FT_App.o
                0x08001bb4                Ft_App_WrCoCmd_Buffer
 .text.Ft_App_Flush_Co_Buffer
                0x08001bc8        0xc ./FT801/src/FT_App.o
                0x08001bc8                Ft_App_Flush_Co_Buffer
 .text.SAMAPP_API_Calibrate
                0x08001bd4       0xc0 ./FT801/src/FT_App.o
                0x08001bd4                SAMAPP_API_Calibrate
 .text.SAMAPP_BootupConfig
                0x08001c94      0x194 ./FT801/src/FT_App.o
                0x08001c94                SAMAPP_BootupConfig
 .text.API_Screen_MainScreen
                0x08001e28      0x220 ./FT801/src/FT_App.o
                0x08001e28                API_Screen_MainScreen
 .text.API_Screen_BasicScreen
                0x08002048       0xfc ./FT801/src/FT_App.o
                0x08002048                API_Screen_BasicScreen
 .text.Ft_Gpu_Copro_SendCmd
                0x08002144        0x8 ./FT801/src/FT_CoPro_Cmds.o
                0x08002144                Ft_Gpu_Copro_SendCmd
 .text.Ft_Gpu_CoCmd_SendStr
                0x0800214c        0x8 ./FT801/src/FT_CoPro_Cmds.o
                0x0800214c                Ft_Gpu_CoCmd_SendStr
 .text.Ft_Gpu_CoCmd_StartFunc
                0x08002154       0x18 ./FT801/src/FT_CoPro_Cmds.o
                0x08002154                Ft_Gpu_CoCmd_StartFunc
 .text.Ft_Gpu_CoCmd_EndFunc
                0x0800216c       0x14 ./FT801/src/FT_CoPro_Cmds.o
                0x0800216c                Ft_Gpu_CoCmd_EndFunc
 .text.Ft_Gpu_CoCmd_Text
                0x08002180       0x64 ./FT801/src/FT_CoPro_Cmds.o
                0x08002180                Ft_Gpu_CoCmd_Text
 .text.Ft_Gpu_CoCmd_Calibrate
                0x080021e4       0x30 ./FT801/src/FT_CoPro_Cmds.o
                0x080021e4                Ft_Gpu_CoCmd_Calibrate
 .text.Ft_Gpu_CoCmd_SetFont
                0x08002214       0x34 ./FT801/src/FT_CoPro_Cmds.o
                0x08002214                Ft_Gpu_CoCmd_SetFont
 .text.Ft_Gpu_CoCmd_Dlstart
                0x08002248       0x20 ./FT801/src/FT_CoPro_Cmds.o
                0x08002248                Ft_Gpu_CoCmd_Dlstart
 .text.Ft_Gpu_Hal_Init
                0x08002268       0x10 ./FT801/src/FT_Gpu_Hal.o
                0x08002268                Ft_Gpu_Hal_Init
 .text.Ft_Gpu_Hal_Open
                0x08002278        0xc ./FT801/src/FT_Gpu_Hal.o
                0x08002278                Ft_Gpu_Hal_Open
 .text.Ft_Gpu_Hal_StartTransfer
                0x08002284       0x8c ./FT801/src/FT_Gpu_Hal.o
                0x08002284                Ft_Gpu_Hal_StartTransfer
 .text.Ft_Gpu_Hal_StartCmdTransfer
                0x08002310       0x14 ./FT801/src/FT_Gpu_Hal.o
                0x08002310                Ft_Gpu_Hal_StartCmdTransfer
 .text.Ft_Gpu_Hal_Transfer8
                0x08002324       0x28 ./FT801/src/FT_Gpu_Hal.o
                0x08002324                Ft_Gpu_Hal_Transfer8
 .text.Ft_Gpu_Hal_TransferString
                0x0800234c       0x30 ./FT801/src/FT_Gpu_Hal.o
                0x0800234c                Ft_Gpu_Hal_TransferString
 .text.Ft_Gpu_Hal_Transfer16
                0x0800237c       0x38 ./FT801/src/FT_Gpu_Hal.o
                0x0800237c                Ft_Gpu_Hal_Transfer16
 .text.Ft_Gpu_Hal_Transfer32
                0x080023b4       0x34 ./FT801/src/FT_Gpu_Hal.o
                0x080023b4                Ft_Gpu_Hal_Transfer32
 .text.Ft_Gpu_Hal_EndTransfer
                0x080023e8       0x10 ./FT801/src/FT_Gpu_Hal.o
                0x080023e8                Ft_Gpu_Hal_EndTransfer
 .text.Ft_Gpu_Hal_Rd8
                0x080023f8       0x20 ./FT801/src/FT_Gpu_Hal.o
                0x080023f8                Ft_Gpu_Hal_Rd8
 .text.Ft_Gpu_Hal_Rd16
                0x08002418       0x20 ./FT801/src/FT_Gpu_Hal.o
                0x08002418                Ft_Gpu_Hal_Rd16
 .text.Ft_Gpu_Hal_Rd32
                0x08002438       0x20 ./FT801/src/FT_Gpu_Hal.o
                0x08002438                Ft_Gpu_Hal_Rd32
 .text.Ft_Gpu_Hal_Wr8
                0x08002458       0x20 ./FT801/src/FT_Gpu_Hal.o
                0x08002458                Ft_Gpu_Hal_Wr8
 .text.Ft_Gpu_Hal_Wr16
                0x08002478       0x20 ./FT801/src/FT_Gpu_Hal.o
                0x08002478                Ft_Gpu_Hal_Wr16
 .text.Ft_Gpu_Hal_Wr32
                0x08002498       0x20 ./FT801/src/FT_Gpu_Hal.o
                0x08002498                Ft_Gpu_Hal_Wr32
 .text.Ft_Gpu_HostCommand
                0x080024b8       0x40 ./FT801/src/FT_Gpu_Hal.o
                0x080024b8                Ft_Gpu_HostCommand
 .text.Ft_Gpu_Hal_Updatecmdfifo
                0x080024f8       0x24 ./FT801/src/FT_Gpu_Hal.o
                0x080024f8                Ft_Gpu_Hal_Updatecmdfifo
 .text.Ft_Gpu_Cmdfifo_Freespace
                0x0800251c       0x20 ./FT801/src/FT_Gpu_Hal.o
                0x0800251c                Ft_Gpu_Cmdfifo_Freespace
 .text.Ft_Gpu_Hal_CheckCmdBuffer
                0x0800253c       0x14 ./FT801/src/FT_Gpu_Hal.o
                0x0800253c                Ft_Gpu_Hal_CheckCmdBuffer
 .text.Ft_Gpu_Hal_WaitCmdfifo_empty
                0x08002550       0x40 ./FT801/src/FT_Gpu_Hal.o
                0x08002550                Ft_Gpu_Hal_WaitCmdfifo_empty
 .text.Ft_Gpu_Hal_WrCmd32
                0x08002590       0x28 ./FT801/src/FT_Gpu_Hal.o
                0x08002590                Ft_Gpu_Hal_WrCmd32
 .text.Ft_Gpu_Hal_WrMemFromFlash
                0x080025b8       0x2c ./FT801/src/FT_Gpu_Hal.o
                0x080025b8                Ft_Gpu_Hal_WrMemFromFlash
 .text.Ft_Gpu_Hal_Sleep
                0x080025e4        0x8 ./FT801/src/FT_Gpu_Hal.o
                0x080025e4                Ft_Gpu_Hal_Sleep
 .text.Ft_Gpu_Hal_Powercycle
                0x080025ec       0x3c ./FT801/src/FT_Gpu_Hal.o
                0x080025ec                Ft_Gpu_Hal_Powercycle
 .text.HAL_InitTick
                0x08002628       0x24 ./Drivers/STM32F0xx_HAL_Driver/Src/stm32f0xx_hal.o
                0x08002628                HAL_InitTick
 .text.HAL_Init
                0x0800264c       0x20 ./Drivers/STM32F0xx_HAL_Driver/Src/stm32f0xx_hal.o
                0x0800264c                HAL_Init
 .text.HAL_IncTick
                0x0800266c       0x10 ./Drivers/STM32F0xx_HAL_Driver/Src/stm32f0xx_hal.o
                0x0800266c                HAL_IncTick
 .text.HAL_GetTick
                0x0800267c        0xc ./Drivers/STM32F0xx_HAL_Driver/Src/stm32f0xx_hal.o
                0x0800267c                HAL_GetTick
 .text.HAL_Delay
                0x08002688       0x24 ./Drivers/STM32F0xx_HAL_Driver/Src/stm32f0xx_hal.o
                0x08002688                HAL_Delay
 .text.ADC_Enable
                0x080026ac       0xb8 ./Drivers/STM32F0xx_HAL_Driver/Src/stm32f0xx_hal_adc.o
 .text.HAL_ADC_Init
                0x08002764      0x2c8 ./Drivers/STM32F0xx_HAL_Driver/Src/stm32f0xx_hal_adc.o
                0x08002764                HAL_ADC_Init
 .text.HAL_ADC_Start_DMA
                0x08002a2c       0xcc ./Drivers/STM32F0xx_HAL_Driver/Src/stm32f0xx_hal_adc.o
                0x08002a2c                HAL_ADC_Start_DMA
 .text.HAL_ADC_ConvCpltCallback
                0x08002af8        0x4 ./Drivers/STM32F0xx_HAL_Driver/Src/stm32f0xx_hal_adc.o
                0x08002af8                HAL_ADC_ConvCpltCallback
 .text.ADC_DMAConvCplt
                0x08002afc       0x70 ./Drivers/STM32F0xx_HAL_Driver/Src/stm32f0xx_hal_adc.o
 .text.HAL_ADC_ConvHalfCpltCallback
                0x08002b6c        0x4 ./Drivers/STM32F0xx_HAL_Driver/Src/stm32f0xx_hal_adc.o
                0x08002b6c                HAL_ADC_ConvHalfCpltCallback
 .text.ADC_DMAHalfConvCplt
                0x08002b70        0xc ./Drivers/STM32F0xx_HAL_Driver/Src/stm32f0xx_hal_adc.o
 .text.HAL_ADC_ErrorCallback
                0x08002b7c        0x4 ./Drivers/STM32F0xx_HAL_Driver/Src/stm32f0xx_hal_adc.o
                0x08002b7c                HAL_ADC_ErrorCallback
 .text.ADC_DMAError
                0x08002b80       0x1c ./Drivers/STM32F0xx_HAL_Driver/Src/stm32f0xx_hal_adc.o
 .text.HAL_ADC_ConfigChannel
                0x08002b9c      0x1ec ./Drivers/STM32F0xx_HAL_Driver/Src/stm32f0xx_hal_adc.o
                0x08002b9c                HAL_ADC_ConfigChannel
 .text.HAL_NVIC_SetPriority
                0x08002d88       0x7c ./Drivers/STM32F0xx_HAL_Driver/Src/stm32f0xx_hal_cortex.o
                0x08002d88                HAL_NVIC_SetPriority
 .text.HAL_NVIC_EnableIRQ
                0x08002e04       0x24 ./Drivers/STM32F0xx_HAL_Driver/Src/stm32f0xx_hal_cortex.o
                0x08002e04                HAL_NVIC_EnableIRQ
 .text.HAL_SYSTICK_Config
                0x08002e28       0x38 ./Drivers/STM32F0xx_HAL_Driver/Src/stm32f0xx_hal_cortex.o
                0x08002e28                HAL_SYSTICK_Config
 .text.HAL_SYSTICK_CLKSourceConfig
                0x08002e60       0x3c ./Drivers/STM32F0xx_HAL_Driver/Src/stm32f0xx_hal_cortex.o
                0x08002e60                HAL_SYSTICK_CLKSourceConfig
 .text.HAL_SYSTICK_Callback
                0x08002e9c        0x4 ./Drivers/STM32F0xx_HAL_Driver/Src/stm32f0xx_hal_cortex.o
                0x08002e9c                HAL_SYSTICK_Callback
 .text.HAL_SYSTICK_IRQHandler
                0x08002ea0        0x8 ./Drivers/STM32F0xx_HAL_Driver/Src/stm32f0xx_hal_cortex.o
                0x08002ea0                HAL_SYSTICK_IRQHandler
 .text.DMA_SetConfig
                0x08002ea8       0x2c ./Drivers/STM32F0xx_HAL_Driver/Src/stm32f0xx_hal_dma.o
 .text.DMA_CalcBaseAndBitshift
                0x08002ed4       0x28 ./Drivers/STM32F0xx_HAL_Driver/Src/stm32f0xx_hal_dma.o
 .text.HAL_DMA_Init
                0x08002efc      0x164 ./Drivers/STM32F0xx_HAL_Driver/Src/stm32f0xx_hal_dma.o
                0x08002efc                HAL_DMA_Init
 .text.HAL_DMA_Start_IT
                0x08003060       0x9c ./Drivers/STM32F0xx_HAL_Driver/Src/stm32f0xx_hal_dma.o
                0x08003060                HAL_DMA_Start_IT
 .text.HAL_DMA_IRQHandler
                0x080030fc       0xac ./Drivers/STM32F0xx_HAL_Driver/Src/stm32f0xx_hal_dma.o
                0x080030fc                HAL_DMA_IRQHandler
 .text.HAL_GPIO_Init
                0x080031a8      0x2a0 ./Drivers/STM32F0xx_HAL_Driver/Src/stm32f0xx_hal_gpio.o
                0x080031a8                HAL_GPIO_Init
 .text.HAL_GPIO_ReadPin
                0x08003448       0x24 ./Drivers/STM32F0xx_HAL_Driver/Src/stm32f0xx_hal_gpio.o
                0x08003448                HAL_GPIO_ReadPin
 .text.HAL_GPIO_WritePin
                0x0800346c       0x34 ./Drivers/STM32F0xx_HAL_Driver/Src/stm32f0xx_hal_gpio.o
                0x0800346c                HAL_GPIO_WritePin
 .text.HAL_GPIO_TogglePin
                0x080034a0       0x20 ./Drivers/STM32F0xx_HAL_Driver/Src/stm32f0xx_hal_gpio.o
                0x080034a0                HAL_GPIO_TogglePin
 .text.HAL_PCD_Init
                0x080034c0       0xd8 ./Drivers/STM32F0xx_HAL_Driver/Src/stm32f0xx_hal_pcd.o
                0x080034c0                HAL_PCD_Init
 .text.HAL_PCD_Start
                0x08003598       0x18 ./Drivers/STM32F0xx_HAL_Driver/Src/stm32f0xx_hal_pcd.o
                0x08003598                HAL_PCD_Start
 .text.HAL_PCD_SetAddress
                0x080035b0       0x38 ./Drivers/STM32F0xx_HAL_Driver/Src/stm32f0xx_hal_pcd.o
                0x080035b0                HAL_PCD_SetAddress
 .text.HAL_PCD_EP_Open
                0x080035e8      0x350 ./Drivers/STM32F0xx_HAL_Driver/Src/stm32f0xx_hal_pcd.o
                0x080035e8                HAL_PCD_EP_Open
 .text.HAL_PCD_EP_Close
                0x08003938      0x1d0 ./Drivers/STM32F0xx_HAL_Driver/Src/stm32f0xx_hal_pcd.o
                0x08003938                HAL_PCD_EP_Close
 .text.HAL_PCD_EP_Receive
                0x08003b08      0x238 ./Drivers/STM32F0xx_HAL_Driver/Src/stm32f0xx_hal_pcd.o
                0x08003b08                HAL_PCD_EP_Receive
 .text.HAL_PCD_EP_GetRxCount
                0x08003d40       0x14 ./Drivers/STM32F0xx_HAL_Driver/Src/stm32f0xx_hal_pcd.o
                0x08003d40                HAL_PCD_EP_GetRxCount
 .text.HAL_PCD_EP_SetStall
                0x08003d54       0xc0 ./Drivers/STM32F0xx_HAL_Driver/Src/stm32f0xx_hal_pcd.o
                0x08003d54                HAL_PCD_EP_SetStall
 .text.HAL_PCD_EP_ClrStall
                0x08003e14       0xe0 ./Drivers/STM32F0xx_HAL_Driver/Src/stm32f0xx_hal_pcd.o
                0x08003e14                HAL_PCD_EP_ClrStall
 .text.PCD_WritePMA
                0x08003ef4       0x28 ./Drivers/STM32F0xx_HAL_Driver/Src/stm32f0xx_hal_pcd.o
                0x08003ef4                PCD_WritePMA
 .text.HAL_PCD_EP_Transmit
                0x08003f1c      0x244 ./Drivers/STM32F0xx_HAL_Driver/Src/stm32f0xx_hal_pcd.o
                0x08003f1c                HAL_PCD_EP_Transmit
 .text.PCD_ReadPMA
                0x08004160       0x2c ./Drivers/STM32F0xx_HAL_Driver/Src/stm32f0xx_hal_pcd.o
                0x08004160                PCD_ReadPMA
 .text.PCD_EP_ISR_Handler
                0x0800418c      0x498 ./Drivers/STM32F0xx_HAL_Driver/Src/stm32f0xx_hal_pcd.o
 .text.HAL_PCD_IRQHandler
                0x08004624      0x118 ./Drivers/STM32F0xx_HAL_Driver/Src/stm32f0xx_hal_pcd.o
                0x08004624                HAL_PCD_IRQHandler
 .text.HAL_PCDEx_PMAConfig
                0x0800473c       0x3c ./Drivers/STM32F0xx_HAL_Driver/Src/stm32f0xx_hal_pcd_ex.o
                0x0800473c                HAL_PCDEx_PMAConfig
 .text.HAL_RCC_OscConfig
                0x08004778      0x6c4 ./Drivers/STM32F0xx_HAL_Driver/Src/stm32f0xx_hal_rcc.o
                0x08004778                HAL_RCC_OscConfig
 .text.HAL_RCC_MCOConfig
                0x08004e3c      0x104 ./Drivers/STM32F0xx_HAL_Driver/Src/stm32f0xx_hal_rcc.o
                0x08004e3c                HAL_RCC_MCOConfig
 .text.HAL_RCC_GetSysClockFreq
                0x08004f40       0x90 ./Drivers/STM32F0xx_HAL_Driver/Src/stm32f0xx_hal_rcc.o
                0x08004f40                HAL_RCC_GetSysClockFreq
 .text.HAL_RCC_ClockConfig
                0x08004fd0      0x244 ./Drivers/STM32F0xx_HAL_Driver/Src/stm32f0xx_hal_rcc.o
                0x08004fd0                HAL_RCC_ClockConfig
 .text.HAL_RCC_GetHCLKFreq
                0x08005214        0xc ./Drivers/STM32F0xx_HAL_Driver/Src/stm32f0xx_hal_rcc.o
                0x08005214                HAL_RCC_GetHCLKFreq
 .text.HAL_RCCEx_PeriphCLKConfig
                0x08005220      0x208 ./Drivers/STM32F0xx_HAL_Driver/Src/stm32f0xx_hal_rcc_ex.o
                0x08005220                HAL_RCCEx_PeriphCLKConfig
 .text.SPI_WaitFlagStateUntilTimeout
                0x08005428       0x9c ./Drivers/STM32F0xx_HAL_Driver/Src/stm32f0xx_hal_spi.o
 .text.SPI_WaitFifoStateUntilTimeout
                0x080054c4       0xac ./Drivers/STM32F0xx_HAL_Driver/Src/stm32f0xx_hal_spi.o
 .text.SPI_EndRxTxTransaction
                0x08005570       0x68 ./Drivers/STM32F0xx_HAL_Driver/Src/stm32f0xx_hal_spi.o
 .text.HAL_SPI_Init
                0x080055d8      0x250 ./Drivers/STM32F0xx_HAL_Driver/Src/stm32f0xx_hal_spi.o
                0x080055d8                HAL_SPI_Init
 .text.HAL_SPI_Transmit
                0x08005828      0x1f8 ./Drivers/STM32F0xx_HAL_Driver/Src/stm32f0xx_hal_spi.o
                0x08005828                HAL_SPI_Transmit
 .text.HAL_SPI_TransmitReceive
                0x08005a20      0x2f4 ./Drivers/STM32F0xx_HAL_Driver/Src/stm32f0xx_hal_spi.o
                0x08005a20                HAL_SPI_TransmitReceive
 .text.TIM_TI1_ConfigInputStage
                0x08005d14       0x24 ./Drivers/STM32F0xx_HAL_Driver/Src/stm32f0xx_hal_tim.o
 .text.TIM_TI2_ConfigInputStage
                0x08005d38       0x28 ./Drivers/STM32F0xx_HAL_Driver/Src/stm32f0xx_hal_tim.o
 .text.TIM_ITRx_SetConfig
                0x08005d60       0x14 ./Drivers/STM32F0xx_HAL_Driver/Src/stm32f0xx_hal_tim.o
 .text.HAL_TIM_Base_Start_IT
                0x08005d74       0x84 ./Drivers/STM32F0xx_HAL_Driver/Src/stm32f0xx_hal_tim.o
                0x08005d74                HAL_TIM_Base_Start_IT
 .text.HAL_TIM_PeriodElapsedCallback
                0x08005df8        0x4 ./Drivers/STM32F0xx_HAL_Driver/Src/stm32f0xx_hal_tim.o
                0x08005df8                HAL_TIM_PeriodElapsedCallback
 .text.HAL_TIM_OC_DelayElapsedCallback
                0x08005dfc        0x4 ./Drivers/STM32F0xx_HAL_Driver/Src/stm32f0xx_hal_tim.o
                0x08005dfc                HAL_TIM_OC_DelayElapsedCallback
 .text.HAL_TIM_IC_CaptureCallback
                0x08005e00        0x4 ./Drivers/STM32F0xx_HAL_Driver/Src/stm32f0xx_hal_tim.o
                0x08005e00                HAL_TIM_IC_CaptureCallback
 .text.HAL_TIM_PWM_PulseFinishedCallback
                0x08005e04        0x4 ./Drivers/STM32F0xx_HAL_Driver/Src/stm32f0xx_hal_tim.o
                0x08005e04                HAL_TIM_PWM_PulseFinishedCallback
 .text.HAL_TIM_TriggerCallback
                0x08005e08        0x4 ./Drivers/STM32F0xx_HAL_Driver/Src/stm32f0xx_hal_tim.o
                0x08005e08                HAL_TIM_TriggerCallback
 .text.HAL_TIM_IRQHandler
                0x08005e0c      0x154 ./Drivers/STM32F0xx_HAL_Driver/Src/stm32f0xx_hal_tim.o
                0x08005e0c                HAL_TIM_IRQHandler
 .text.TIM_Base_SetConfig
                0x08005f60       0xa4 ./Drivers/STM32F0xx_HAL_Driver/Src/stm32f0xx_hal_tim.o
                0x08005f60                TIM_Base_SetConfig
 .text.HAL_TIM_Base_Init
                0x08006004       0xe8 ./Drivers/STM32F0xx_HAL_Driver/Src/stm32f0xx_hal_tim.o
                0x08006004                HAL_TIM_Base_Init
 .text.TIM_ETR_SetConfig
                0x080060ec       0x18 ./Drivers/STM32F0xx_HAL_Driver/Src/stm32f0xx_hal_tim.o
                0x080060ec                TIM_ETR_SetConfig
 .text.HAL_TIM_ConfigClockSource
                0x08006104      0x4a0 ./Drivers/STM32F0xx_HAL_Driver/Src/stm32f0xx_hal_tim.o
                0x08006104                HAL_TIM_ConfigClockSource
 .text.HAL_TIMEx_MasterConfigSynchronization
                0x080065a4       0xe0 ./Drivers/STM32F0xx_HAL_Driver/Src/stm32f0xx_hal_tim_ex.o
                0x080065a4                HAL_TIMEx_MasterConfigSynchronization
 .text.HAL_TIMEx_CommutationCallback
                0x08006684        0x4 ./Drivers/STM32F0xx_HAL_Driver/Src/stm32f0xx_hal_tim_ex.o
                0x08006684                HAL_TIMEx_CommutationCallback
 .text.HAL_TIMEx_BreakCallback
                0x08006688        0x4 ./Drivers/STM32F0xx_HAL_Driver/Src/stm32f0xx_hal_tim_ex.o
                0x08006688                HAL_TIMEx_BreakCallback
 .text.floor    0x0800668c      0x130 c:/program files (x86)/gnu tools arm embedded/5.4 2016q3/bin/../lib/gcc/arm-none-eabi/5.4.1/../../../../arm-none-eabi/lib/armv6-m\libm.a(lib_a-s_floor.o)
                0x0800668c                floor
 .text.pow      0x080067bc      0x378 c:/program files (x86)/gnu tools arm embedded/5.4 2016q3/bin/../lib/gcc/arm-none-eabi/5.4.1/../../../../arm-none-eabi/lib/armv6-m\libm.a(lib_a-w_pow.o)
                0x080067bc                pow
 .text.__ieee754_pow
                0x08006b34      0xa6c c:/program files (x86)/gnu tools arm embedded/5.4 2016q3/bin/../lib/gcc/arm-none-eabi/5.4.1/../../../../arm-none-eabi/lib/armv6-m\libm.a(lib_a-e_pow.o)
                0x08006b34                __ieee754_pow
 .text.__ieee754_sqrt
                0x080075a0      0x1ec c:/program files (x86)/gnu tools arm embedded/5.4 2016q3/bin/../lib/gcc/arm-none-eabi/5.4.1/../../../../arm-none-eabi/lib/armv6-m\libm.a(lib_a-e_sqrt.o)
                0x080075a0                __ieee754_sqrt
 .text.fabs     0x0800778c        0x8 c:/program files (x86)/gnu tools arm embedded/5.4 2016q3/bin/../lib/gcc/arm-none-eabi/5.4.1/../../../../arm-none-eabi/lib/armv6-m\libm.a(lib_a-s_fabs.o)
                0x0800778c                fabs
 .text.finite   0x08007794       0x14 c:/program files (x86)/gnu tools arm embedded/5.4 2016q3/bin/../lib/gcc/arm-none-eabi/5.4.1/../../../../arm-none-eabi/lib/armv6-m\libm.a(lib_a-s_finite.o)
                0x08007794                finite
 .text.matherr  0x080077a8        0x4 c:/program files (x86)/gnu tools arm embedded/5.4 2016q3/bin/../lib/gcc/arm-none-eabi/5.4.1/../../../../arm-none-eabi/lib/armv6-m\libm.a(lib_a-s_matherr.o)
                0x080077a8                matherr
 .text.nan      0x080077ac        0xc c:/program files (x86)/gnu tools arm embedded/5.4 2016q3/bin/../lib/gcc/arm-none-eabi/5.4.1/../../../../arm-none-eabi/lib/armv6-m\libm.a(lib_a-s_nan.o)
                0x080077ac                nan
 .text.rint     0x080077b8      0x144 c:/program files (x86)/gnu tools arm embedded/5.4 2016q3/bin/../lib/gcc/arm-none-eabi/5.4.1/../../../../arm-none-eabi/lib/armv6-m\libm.a(lib_a-s_rint.o)
                0x080077b8                rint
 .text.scalbn   0x080078fc       0xd0 c:/program files (x86)/gnu tools arm embedded/5.4 2016q3/bin/../lib/gcc/arm-none-eabi/5.4.1/../../../../arm-none-eabi/lib/armv6-m\libm.a(lib_a-s_scalbn.o)
                0x080078fc                scalbn
 .text.copysign
                0x080079cc       0x10 c:/program files (x86)/gnu tools arm embedded/5.4 2016q3/bin/../lib/gcc/arm-none-eabi/5.4.1/../../../../arm-none-eabi/lib/armv6-m\libm.a(lib_a-s_copysign.o)
                0x080079cc                copysign
 .text          0x080079dc      0x114 c:/program files (x86)/gnu tools arm embedded/5.4 2016q3/bin/../lib/gcc/arm-none-eabi/5.4.1/armv6-m\libgcc.a(_udivsi3.o)
                0x080079dc                __aeabi_uidiv
                0x080079dc                __udivsi3
                0x08007ae8                __aeabi_uidivmod
 .text          0x08007af0        0x4 c:/program files (x86)/gnu tools arm embedded/5.4 2016q3/bin/../lib/gcc/arm-none-eabi/5.4.1/armv6-m\libgcc.a(_dvmd_tls.o)
                0x08007af0                __aeabi_idiv0
                0x08007af0                __aeabi_ldiv0
 .text          0x08007af4       0x7c c:/program files (x86)/gnu tools arm embedded/5.4 2016q3/bin/../lib/gcc/arm-none-eabi/5.4.1/armv6-m\libgcc.a(_arm_cmpdf2.o)
                0x08007af4                __aeabi_cdrcmple
                0x08007b04                __aeabi_cdcmple
                0x08007b04                __aeabi_cdcmpeq
                0x08007b14                __aeabi_dcmpeq
                0x08007b20                __aeabi_dcmplt
                0x08007b34                __aeabi_dcmple
                0x08007b48                __aeabi_dcmpgt
                0x08007b5c                __aeabi_dcmpge
 .text          0x08007b70       0x3c c:/program files (x86)/gnu tools arm embedded/5.4 2016q3/bin/../lib/gcc/arm-none-eabi/5.4.1/armv6-m\libgcc.a(_fixunsdfsi.o)
                0x08007b70                __aeabi_d2uiz
                0x08007b70                __fixunsdfsi
 .text          0x08007bac      0x658 c:/program files (x86)/gnu tools arm embedded/5.4 2016q3/bin/../lib/gcc/arm-none-eabi/5.4.1/armv6-m\libgcc.a(adddf3.o)
                0x08007bac                __aeabi_dadd
 .text          0x08008204      0x62c c:/program files (x86)/gnu tools arm embedded/5.4 2016q3/bin/../lib/gcc/arm-none-eabi/5.4.1/armv6-m\libgcc.a(divdf3.o)
                0x08008204                __aeabi_ddiv
 .text          0x08008830       0x80 c:/program files (x86)/gnu tools arm embedded/5.4 2016q3/bin/../lib/gcc/arm-none-eabi/5.4.1/armv6-m\libgcc.a(eqdf2.o)
                0x08008830                __nedf2
                0x08008830                __eqdf2
 .text          0x080088b0       0xc8 c:/program files (x86)/gnu tools arm embedded/5.4 2016q3/bin/../lib/gcc/arm-none-eabi/5.4.1/armv6-m\libgcc.a(gedf2.o)
                0x080088b0                __gedf2
                0x080088b0                __gtdf2
 .text          0x08008978       0xd4 c:/program files (x86)/gnu tools arm embedded/5.4 2016q3/bin/../lib/gcc/arm-none-eabi/5.4.1/armv6-m\libgcc.a(ledf2.o)
                0x08008978                __ledf2
                0x08008978                __ltdf2
 .text          0x08008a4c      0x4f4 c:/program files (x86)/gnu tools arm embedded/5.4 2016q3/bin/../lib/gcc/arm-none-eabi/5.4.1/armv6-m\libgcc.a(muldf3.o)
                0x08008a4c                __aeabi_dmul
 .text          0x08008f40      0x6a8 c:/program files (x86)/gnu tools arm embedded/5.4 2016q3/bin/../lib/gcc/arm-none-eabi/5.4.1/armv6-m\libgcc.a(subdf3.o)
                0x08008f40                __aeabi_dsub
 .text          0x080095e8       0x40 c:/program files (x86)/gnu tools arm embedded/5.4 2016q3/bin/../lib/gcc/arm-none-eabi/5.4.1/armv6-m\libgcc.a(unorddf2.o)
                0x080095e8                __aeabi_dcmpun
 .text          0x08009628       0x6c c:/program files (x86)/gnu tools arm embedded/5.4 2016q3/bin/../lib/gcc/arm-none-eabi/5.4.1/armv6-m\libgcc.a(fixdfsi.o)
                0x08009628                __aeabi_d2iz
 .text          0x08009694       0x84 c:/program files (x86)/gnu tools arm embedded/5.4 2016q3/bin/../lib/gcc/arm-none-eabi/5.4.1/armv6-m\libgcc.a(floatsidf.o)
                0x08009694                __aeabi_i2d
 .text          0x08009718       0x70 c:/program files (x86)/gnu tools arm embedded/5.4 2016q3/bin/../lib/gcc/arm-none-eabi/5.4.1/armv6-m\libgcc.a(floatunsidf.o)
                0x08009718                __aeabi_ui2d
 .text          0x08009788       0x3c c:/program files (x86)/gnu tools arm embedded/5.4 2016q3/bin/../lib/gcc/arm-none-eabi/5.4.1/armv6-m\libgcc.a(_clzsi2.o)
                0x08009788                __clzsi2
 .text.__errno  0x080097c4        0xc c:/program files (x86)/gnu tools arm embedded/5.4 2016q3/bin/../lib/gcc/arm-none-eabi/5.4.1/../../../../arm-none-eabi/lib/armv6-m\libg_nano.a(lib_a-errno.o)
                0x080097c4                __errno
 .text.__libc_init_array
                0x080097d0       0x4c c:/program files (x86)/gnu tools arm embedded/5.4 2016q3/bin/../lib/gcc/arm-none-eabi/5.4.1/../../../../arm-none-eabi/lib/armv6-m\libg_nano.a(lib_a-init.o)
                0x080097d0                __libc_init_array
 .text.memcpy   0x0800981c       0x12 c:/program files (x86)/gnu tools arm embedded/5.4 2016q3/bin/../lib/gcc/arm-none-eabi/5.4.1/../../../../arm-none-eabi/lib/armv6-m\libg_nano.a(lib_a-memcpy-stub.o)
                0x0800981c                memcpy
 .text          0x0800982e        0xe c:/program files (x86)/gnu tools arm embedded/5.4 2016q3/bin/../lib/gcc/arm-none-eabi/5.4.1/../../../../arm-none-eabi/lib/armv6-m\libg_nano.a(lib_a-strlen.o)
                0x0800982e                strlen
 *(.rodata .rodata.* .constdata .constdata.*)
 .rodata.str1.4
                0x0800983c        0xe ./Src/main.o
 *fill*         0x0800984a        0x2 
 .rodata.str1.4
                0x0800984c       0x1b ./Src/stm32f0xx_hal_msp.o
 *fill*         0x08009867        0x1 
 .rodata.AHBPrescTable
                0x08009868       0x10 ./Src/system_stm32f0xx.o
                0x08009868                AHBPrescTable
 .rodata.hextoascii
                0x08009878       0x40 ./Src/t14-usb.o
 .rodata.str1.4
                0x080098b8       0x13 ./Src/usbd_conf.o
 *fill*         0x080098cb        0x1 
 .rodata.str1.4
                0x080098cc       0x56 ./Src/usbd_desc.o
 *fill*         0x08009922        0x2 
 .rodata.USBD_GetDescriptor
                0x08009924       0x38 ./Middlewares/ST/STM32_USB_Device_Library/Core/Src/usbd_ctlreq.o
 .rodata.USBD_StdDevReq
                0x0800995c       0x28 ./Middlewares/ST/STM32_USB_Device_Library/Core/Src/usbd_ctlreq.o
 .rodata.str1.4
                0x08009984       0xd4 ./FT801/src/FT_App.o
 .rodata.str1.4
                0x08009a58       0x38 ./Drivers/STM32F0xx_HAL_Driver/Src/stm32f0xx_hal_adc.o
 .rodata.str1.4
                0x08009a90       0x3b ./Drivers/STM32F0xx_HAL_Driver/Src/stm32f0xx_hal_cortex.o
 *fill*         0x08009acb        0x1 
 .rodata.str1.4
                0x08009acc       0x38 ./Drivers/STM32F0xx_HAL_Driver/Src/stm32f0xx_hal_dma.o
 .rodata.str1.4
                0x08009b04       0x39 ./Drivers/STM32F0xx_HAL_Driver/Src/stm32f0xx_hal_gpio.o
 *fill*         0x08009b3d        0x3 
 .rodata.str1.4
                0x08009b40       0x38 ./Drivers/STM32F0xx_HAL_Driver/Src/stm32f0xx_hal_pcd.o
 .rodata        0x08009b78       0x20 ./Drivers/STM32F0xx_HAL_Driver/Src/stm32f0xx_hal_rcc.o
 .rodata.str1.4
                0x08009b98       0x38 ./Drivers/STM32F0xx_HAL_Driver/Src/stm32f0xx_hal_rcc.o
 .rodata.str1.4
                0x08009bd0       0x3b ./Drivers/STM32F0xx_HAL_Driver/Src/stm32f0xx_hal_rcc_ex.o
 *fill*         0x08009c0b        0x1 
 .rodata.str1.4
                0x08009c0c       0x38 ./Drivers/STM32F0xx_HAL_Driver/Src/stm32f0xx_hal_spi.o
 .rodata.str1.4
                0x08009c44       0x38 ./Drivers/STM32F0xx_HAL_Driver/Src/stm32f0xx_hal_tim.o
 .rodata.str1.4
                0x08009c7c       0x3b ./Drivers/STM32F0xx_HAL_Driver/Src/stm32f0xx_hal_tim_ex.o
 *fill*         0x08009cb7        0x1 
 .rodata.str1.4
                0x08009cb8        0x4 c:/program files (x86)/gnu tools arm embedded/5.4 2016q3/bin/../lib/gcc/arm-none-eabi/5.4.1/../../../../arm-none-eabi/lib/armv6-m\libm.a(lib_a-w_pow.o)
 .rodata.str1.4
                0x08009cbc        0x4 c:/program files (x86)/gnu tools arm embedded/5.4 2016q3/bin/../lib/gcc/arm-none-eabi/5.4.1/../../../../arm-none-eabi/lib/armv6-m\libm.a(lib_a-e_pow.o)
                                  0x1 (size before relaxing)
 *fill*         0x08009cbc        0x4 
 .rodata.TWO52  0x08009cc0       0x10 c:/program files (x86)/gnu tools arm embedded/5.4 2016q3/bin/../lib/gcc/arm-none-eabi/5.4.1/../../../../arm-none-eabi/lib/armv6-m\libm.a(lib_a-s_rint.o)
 .rodata        0x08009cd0       0x40 c:/program files (x86)/gnu tools arm embedded/5.4 2016q3/bin/../lib/gcc/arm-none-eabi/5.4.1/armv6-m\libgcc.a(divdf3.o)
 .rodata        0x08009d10       0x40 c:/program files (x86)/gnu tools arm embedded/5.4 2016q3/bin/../lib/gcc/arm-none-eabi/5.4.1/armv6-m\libgcc.a(muldf3.o)
 *(vtable)
 *(.eh_frame*)
 *(.glue_7)
 .glue_7        0x08009d50        0x0 linker stubs
 *(.glue_7t)
 .glue_7t       0x08009d50        0x0 linker stubs

.vfp11_veneer   0x08009d50        0x0
 .vfp11_veneer  0x08009d50        0x0 linker stubs

.v4_bx          0x08009d50        0x0
 .v4_bx         0x08009d50        0x0 linker stubs

.iplt           0x08009d50        0x0
 .iplt          0x08009d50        0x0 ./startup/startup_stm32f072xb.o

.rel.dyn        0x08009d50        0x0
 .rel.iplt      0x08009d50        0x0 ./startup/startup_stm32f072xb.o

.ARM.extab
 *(.ARM.extab* .gnu.linkonce.armextab.*)
                0x08009d50                . = ALIGN (0x4)
                0x08009d50                __exidx_start = .

.ARM.exidx
 *(.ARM.exidx* .gnu.linkonce.armexidx.*)
                0x08009d50                __exidx_end = .
                0x08009d50                . = ALIGN (0x4)
                0x08009d50                _etext = .
                0x08009d50                __etext = .

.data_CCMRAM    0x00000000        0x0 load address 0x08009d50
 FILL mask 0xff
 *(.data.CCMRAM .data.CCMRAM.*)
                0x00000000                . = ALIGN (0x4)
                0x08009d50                _sidata = LOADADDR (.data)

.data           0x20000000     0x1bc8 load address 0x08009d50
 FILL mask 0xff
                0x20000000                _sdata = .
                0x20000000                __data_start__ = .
 *(.data_begin .data_begin.*)
 *(.data .data.*)
 .data.STATE    0x20000000        0x1 ./Src/main.o
                0x20000000                STATE
 *fill*         0x20000001        0x3 ff
 .data.SystemCoreClock
                0x20000004        0x4 ./Src/system_stm32f0xx.o
                0x20000004                SystemCoreClock
 .data.USBD_Interface_fops_FS
                0x20000008       0x10 ./Src/usbd_cdc_if.o
                0x20000008                USBD_Interface_fops_FS
 .data.FS_Desc  0x20000018       0x1c ./Src/usbd_desc.o
                0x20000018                FS_Desc
 .data.USBD_LangIDDesc
                0x20000034        0x4 ./Src/usbd_desc.o
                0x20000034                USBD_LangIDDesc
 .data.USBD_FS_DeviceDesc
                0x20000038       0x12 ./Src/usbd_desc.o
                0x20000038                USBD_FS_DeviceDesc
 *fill*         0x2000004a        0x2 ff
 .data.USBD_CDC_CfgFSDesc
                0x2000004c       0x43 ./Middlewares/ST/STM32_USB_Device_Library/Class/CDC/Src/usbd_cdc.o
                0x2000004c                USBD_CDC_CfgFSDesc
 *fill*         0x2000008f        0x1 ff
 .data.USBD_CDC
                0x20000090       0x38 ./Middlewares/ST/STM32_USB_Device_Library/Class/CDC/Src/usbd_cdc.o
                0x20000090                USBD_CDC
 .data.USBD_CDC_DeviceQualifierDesc
                0x200000c8        0xa ./Middlewares/ST/STM32_USB_Device_Library/Class/CDC/Src/usbd_cdc.o
 *fill*         0x200000d2        0x2 ff
 .data.USBD_CDC_OtherSpeedCfgDesc
                0x200000d4       0x43 ./Middlewares/ST/STM32_USB_Device_Library/Class/CDC/Src/usbd_cdc.o
                0x200000d4                USBD_CDC_OtherSpeedCfgDesc
 *fill*         0x20000117        0x1 ff
 .data.USBD_CDC_CfgHSDesc
                0x20000118       0x43 ./Middlewares/ST/STM32_USB_Device_Library/Class/CDC/Src/usbd_cdc.o
                0x20000118                USBD_CDC_CfgHSDesc
 *fill*         0x2000015b        0x1 ff
 .data.SAMApp_Metric_L1
                0x2000015c       0x94 ./FT801/src/FT_App.o
                0x2000015c                SAMApp_Metric_L1
 .data.SAMApp_L1_SIZE
                0x200001f0        0x4 ./FT801/src/FT_App.o
                0x200001f0                SAMApp_L1_SIZE
 .data.FT_Width
                0x200001f4        0x2 ./FT801/src/FT_App.o
                0x200001f4                FT_Width
 *fill*         0x200001f6        0x2 ff
 .data.SAMApp_L1
                0x200001f8     0x1959 ./FT801/src/FT_App.o
                0x200001f8                SAMApp_L1
 *fill*         0x20001b51        0x3 ff
 .data.SAMApp_Metric_L1_SIZE
                0x20001b54        0x4 ./FT801/src/FT_App.o
                0x20001b54                SAMApp_Metric_L1_SIZE
 .data.white    0x20001b58        0x4 ./FT801/src/FT_App.o
                0x20001b58                white
 .data.gray     0x20001b5c        0x4 ./FT801/src/FT_App.o
                0x20001b5c                gray
 .data.TIMEOUTSPI
                0x20001b60        0x2 ./FT801/src/FT_Gpu_Hal.o
                0x20001b60                TIMEOUTSPI
 .data.__fdlib_version
                0x20001b62        0x1 c:/program files (x86)/gnu tools arm embedded/5.4 2016q3/bin/../lib/gcc/arm-none-eabi/5.4.1/../../../../arm-none-eabi/lib/armv6-m\libm.a(lib_a-s_lib_ver.o)
                0x20001b62                __fdlib_version
 *fill*         0x20001b63        0x1 ff
 .data.impure_data
                0x20001b64       0x60 c:/program files (x86)/gnu tools arm embedded/5.4 2016q3/bin/../lib/gcc/arm-none-eabi/5.4.1/../../../../arm-none-eabi/lib/armv6-m\libg_nano.a(lib_a-impure.o)
 .data._impure_ptr
                0x20001bc4        0x4 c:/program files (x86)/gnu tools arm embedded/5.4 2016q3/bin/../lib/gcc/arm-none-eabi/5.4.1/../../../../arm-none-eabi/lib/armv6-m\libg_nano.a(lib_a-impure.o)
                0x20001bc4                _impure_ptr
 *(.data_end .data_end.*)
                0x20001bc8                . = ALIGN (0x4)
                0x20001bc8                _edata = .
                0x20001bc8                __data_end__ = .

.igot.plt       0x20001bc8        0x0 load address 0x0800b918
 .igot.plt      0x20001bc8        0x0 ./startup/startup_stm32f072xb.o

.bss_CCMRAM     0x00000000        0x0
 *(.bss.CCMRAM .bss.CCMRAM.*)

.bss            0x20001bc8      0xdfc
                0x20001bc8                __bss_start__ = .
                0x20001bc8                _sbss = .
 *(.bss_begin .bss_begin.*)
 *(.bss .bss.*)
 .bss.SCREEN    0x20001bc8        0x1 ./Src/main.o
                0x20001bc8                SCREEN
 *fill*         0x20001bc9        0x1 
 .bss.init_finished
                0x20001bca        0x2 ./Src/main.o
                0x20001bca                init_finished
 *fill*         0x20001bcc        0x4 
 .bss.A         0x20001bd0        0x8 ./Src/main.o
                0x20001bd0                A
 .bss.F         0x20001bd8        0x8 ./Src/main.o
                0x20001bd8                F
 .bss.mem.7323  0x20001be0      0x220 ./Src/usbd_conf.o
 .bss.cfgidx.7165
                0x20001e00        0x1 ./Middlewares/ST/STM32_USB_Device_Library/Core/Src/usbd_ctlreq.o
 .bss.ifalt.7160
                0x20001e01        0x1 ./Middlewares/ST/STM32_USB_Device_Library/Class/CDC/Src/usbd_cdc.o
 *(COMMON)
 *fill*         0x20001e02        0x6 
 COMMON         0x20001e08      0x550 ./Src/main.o
                0x20001e08                HB
                0x20001e10                ST
                0x20001e18                DMA_BUFFER
                0x20002218                dloffset
                0x2000221c                hspi1
                0x20002280                E
                0x20002288                htim2
                0x200022c8                hdma_adc
                0x2000230c                hadc
 COMMON         0x20002358      0x224 ./Src/usb_device.o
                0x20002358                hUsbDeviceFS
 COMMON         0x2000257c        0x8 ./Src/usbd_cdc_if.o
                0x2000257c                UserRxBufferFS
                0x20002580                UserTxBufferFS
 COMMON         0x20002584      0x220 ./Src/usbd_conf.o
                0x20002584                hpcd_USB_FS
 COMMON         0x200027a4      0x200 ./Src/usbd_desc.o
                0x200027a4                USBD_StrDesc
 COMMON         0x200029a4       0x1c ./FT801/src/FT_App.o
                0x200029a4                DispText
                0x200029b8                Ft_CmdBuffer_Index
                0x200029bc                Ft_DlBuffer_Index
 COMMON         0x200029c0        0x4 ./Drivers/STM32F0xx_HAL_Driver/Src/stm32f0xx_hal.o
                0x200029c0                uwTick
 *(.bss_end .bss_end.*)
                0x200029c4                . = ALIGN (0x4)
                0x200029c4                __bss_end__ = .
                0x200029c4                _ebss = .

.noinit_CCMRAM
 *(.noinit.CCMRAM .noinit.CCMRAM.*)

.noinit         0x200029c4        0x0
                0x200029c4                _noinit = .
 *(.noinit .noinit.*)
                0x200029c4                . = ALIGN (0x4)
                0x200029c4                _end_noinit = .
                0x200029c4                PROVIDE (end, _end_noinit)
                [!provide]                PROVIDE (_end, _end_noinit)
                [!provide]                PROVIDE (__end, _end_noinit)
                [!provide]                PROVIDE (__end__, _end_noinit)

._check_stack   0x200029c4      0x100
                0x20002ac4                . = (. + _Minimum_Stack_Size)
 *fill*         0x200029c4      0x100 

.b1text
 *(.b1text)
 *(.b1rodata)
 *(.b1rodata.*)

.eb0text
 *(.eb0text)
 *(.eb0rodata)
 *(.eb0rodata.*)

.eb1text
 *(.eb1text)
 *(.eb1rodata)
 *(.eb1rodata.*)

.eb2text
 *(.eb2text)
 *(.eb2rodata)
 *(.eb2rodata.*)

.eb3text
 *(.eb3text)
 *(.eb3rodata)
 *(.eb3rodata.*)

.stab
 *(.stab)

.stabstr
 *(.stabstr)

.stab.excl
 *(.stab.excl)

.stab.exclstr
 *(.stab.exclstr)

.stab.index
 *(.stab.index)

.stab.indexstr
 *(.stab.indexstr)

.comment        0x00000000       0x6e
 *(.comment)
 .comment       0x00000000       0x6e ./Src/GUI.o
                                 0x6f (size before relaxing)
 .comment       0x0000006e       0x6f ./Src/main.o
 .comment       0x0000006e       0x6f ./Src/stm32f0xx_hal_msp.o
 .comment       0x0000006e       0x6f ./Src/stm32f0xx_it.o
 .comment       0x0000006e       0x6f ./Src/system_stm32f0xx.o
 .comment       0x0000006e       0x6f ./Src/t14-ssi.o
 .comment       0x0000006e       0x6f ./Src/t14-usb.o
 .comment       0x0000006e       0x6f ./Src/usb_device.o
 .comment       0x0000006e       0x6f ./Src/usbd_cdc_if.o
 .comment       0x0000006e       0x6f ./Src/usbd_conf.o
 .comment       0x0000006e       0x6f ./Src/usbd_desc.o
 .comment       0x0000006e       0x6f ./Middlewares/ST/STM32_USB_Device_Library/Core/Src/usbd_core.o
 .comment       0x0000006e       0x6f ./Middlewares/ST/STM32_USB_Device_Library/Core/Src/usbd_ctlreq.o
 .comment       0x0000006e       0x6f ./Middlewares/ST/STM32_USB_Device_Library/Core/Src/usbd_ioreq.o
 .comment       0x0000006e       0x6f ./Middlewares/ST/STM32_USB_Device_Library/Class/CDC/Src/usbd_cdc.o
 .comment       0x0000006e       0x6f ./FT801/src/FT_App.o
 .comment       0x0000006e       0x6f ./FT801/src/FT_CoPro_Cmds.o
 .comment       0x0000006e       0x6f ./FT801/src/FT_Gpu_Hal.o
 .comment       0x0000006e       0x6f ./Drivers/STM32F0xx_HAL_Driver/Src/stm32f0xx_hal.o
 .comment       0x0000006e       0x6f ./Drivers/STM32F0xx_HAL_Driver/Src/stm32f0xx_hal_adc.o
 .comment       0x0000006e       0x6f ./Drivers/STM32F0xx_HAL_Driver/Src/stm32f0xx_hal_cortex.o
 .comment       0x0000006e       0x6f ./Drivers/STM32F0xx_HAL_Driver/Src/stm32f0xx_hal_dma.o
 .comment       0x0000006e       0x6f ./Drivers/STM32F0xx_HAL_Driver/Src/stm32f0xx_hal_gpio.o
 .comment       0x0000006e       0x6f ./Drivers/STM32F0xx_HAL_Driver/Src/stm32f0xx_hal_pcd.o
 .comment       0x0000006e       0x6f ./Drivers/STM32F0xx_HAL_Driver/Src/stm32f0xx_hal_pcd_ex.o
 .comment       0x0000006e       0x6f ./Drivers/STM32F0xx_HAL_Driver/Src/stm32f0xx_hal_rcc.o
 .comment       0x0000006e       0x6f ./Drivers/STM32F0xx_HAL_Driver/Src/stm32f0xx_hal_rcc_ex.o
 .comment       0x0000006e       0x6f ./Drivers/STM32F0xx_HAL_Driver/Src/stm32f0xx_hal_spi.o
 .comment       0x0000006e       0x6f ./Drivers/STM32F0xx_HAL_Driver/Src/stm32f0xx_hal_tim.o
 .comment       0x0000006e       0x6f ./Drivers/STM32F0xx_HAL_Driver/Src/stm32f0xx_hal_tim_ex.o

.ARM.attributes
                0x00000000       0x2d
 .ARM.attributes
                0x00000000       0x21 ./startup/startup_stm32f072xb.o
 .ARM.attributes
                0x00000021       0x31 ./Src/GUI.o
 .ARM.attributes
                0x00000052       0x31 ./Src/main.o
 .ARM.attributes
                0x00000083       0x31 ./Src/stm32f0xx_hal_msp.o
 .ARM.attributes
                0x000000b4       0x31 ./Src/stm32f0xx_it.o
 .ARM.attributes
                0x000000e5       0x31 ./Src/system_stm32f0xx.o
 .ARM.attributes
                0x00000116       0x31 ./Src/t14-ssi.o
 .ARM.attributes
                0x00000147       0x31 ./Src/t14-usb.o
 .ARM.attributes
                0x00000178       0x31 ./Src/usb_device.o
 .ARM.attributes
                0x000001a9       0x31 ./Src/usbd_cdc_if.o
 .ARM.attributes
                0x000001da       0x31 ./Src/usbd_conf.o
 .ARM.attributes
                0x0000020b       0x31 ./Src/usbd_desc.o
 .ARM.attributes
                0x0000023c       0x31 ./Middlewares/ST/STM32_USB_Device_Library/Core/Src/usbd_core.o
 .ARM.attributes
                0x0000026d       0x31 ./Middlewares/ST/STM32_USB_Device_Library/Core/Src/usbd_ctlreq.o
 .ARM.attributes
                0x0000029e       0x31 ./Middlewares/ST/STM32_USB_Device_Library/Core/Src/usbd_ioreq.o
 .ARM.attributes
                0x000002cf       0x31 ./Middlewares/ST/STM32_USB_Device_Library/Class/CDC/Src/usbd_cdc.o
 .ARM.attributes
                0x00000300       0x31 ./FT801/src/FT_App.o
 .ARM.attributes
                0x00000331       0x31 ./FT801/src/FT_CoPro_Cmds.o
 .ARM.attributes
                0x00000362       0x31 ./FT801/src/FT_Gpu_Hal.o
 .ARM.attributes
                0x00000393       0x31 ./Drivers/STM32F0xx_HAL_Driver/Src/stm32f0xx_hal.o
 .ARM.attributes
                0x000003c4       0x31 ./Drivers/STM32F0xx_HAL_Driver/Src/stm32f0xx_hal_adc.o
 .ARM.attributes
                0x000003f5       0x31 ./Drivers/STM32F0xx_HAL_Driver/Src/stm32f0xx_hal_cortex.o
 .ARM.attributes
                0x00000426       0x31 ./Drivers/STM32F0xx_HAL_Driver/Src/stm32f0xx_hal_dma.o
 .ARM.attributes
                0x00000457       0x31 ./Drivers/STM32F0xx_HAL_Driver/Src/stm32f0xx_hal_gpio.o
 .ARM.attributes
                0x00000488       0x31 ./Drivers/STM32F0xx_HAL_Driver/Src/stm32f0xx_hal_pcd.o
 .ARM.attributes
                0x000004b9       0x31 ./Drivers/STM32F0xx_HAL_Driver/Src/stm32f0xx_hal_pcd_ex.o
 .ARM.attributes
                0x000004ea       0x31 ./Drivers/STM32F0xx_HAL_Driver/Src/stm32f0xx_hal_rcc.o
 .ARM.attributes
                0x0000051b       0x31 ./Drivers/STM32F0xx_HAL_Driver/Src/stm32f0xx_hal_rcc_ex.o
 .ARM.attributes
                0x0000054c       0x31 ./Drivers/STM32F0xx_HAL_Driver/Src/stm32f0xx_hal_spi.o
 .ARM.attributes
                0x0000057d       0x31 ./Drivers/STM32F0xx_HAL_Driver/Src/stm32f0xx_hal_tim.o
 .ARM.attributes
                0x000005ae       0x31 ./Drivers/STM32F0xx_HAL_Driver/Src/stm32f0xx_hal_tim_ex.o
 .ARM.attributes
                0x000005df       0x2c c:/program files (x86)/gnu tools arm embedded/5.4 2016q3/bin/../lib/gcc/arm-none-eabi/5.4.1/../../../../arm-none-eabi/lib/armv6-m\libm.a(lib_a-s_floor.o)
 .ARM.attributes
                0x0000060b       0x2c c:/program files (x86)/gnu tools arm embedded/5.4 2016q3/bin/../lib/gcc/arm-none-eabi/5.4.1/../../../../arm-none-eabi/lib/armv6-m\libm.a(lib_a-w_pow.o)
 .ARM.attributes
                0x00000637       0x2c c:/program files (x86)/gnu tools arm embedded/5.4 2016q3/bin/../lib/gcc/arm-none-eabi/5.4.1/../../../../arm-none-eabi/lib/armv6-m\libm.a(lib_a-e_pow.o)
 .ARM.attributes
                0x00000663       0x2c c:/program files (x86)/gnu tools arm embedded/5.4 2016q3/bin/../lib/gcc/arm-none-eabi/5.4.1/../../../../arm-none-eabi/lib/armv6-m\libm.a(lib_a-e_sqrt.o)
 .ARM.attributes
                0x0000068f       0x2c c:/program files (x86)/gnu tools arm embedded/5.4 2016q3/bin/../lib/gcc/arm-none-eabi/5.4.1/../../../../arm-none-eabi/lib/armv6-m\libm.a(lib_a-s_fabs.o)
 .ARM.attributes
                0x000006bb       0x2c c:/program files (x86)/gnu tools arm embedded/5.4 2016q3/bin/../lib/gcc/arm-none-eabi/5.4.1/../../../../arm-none-eabi/lib/armv6-m\libm.a(lib_a-s_finite.o)
 .ARM.attributes
                0x000006e7       0x2c c:/program files (x86)/gnu tools arm embedded/5.4 2016q3/bin/../lib/gcc/arm-none-eabi/5.4.1/../../../../arm-none-eabi/lib/armv6-m\libm.a(lib_a-s_lib_ver.o)
 .ARM.attributes
                0x00000713       0x2c c:/program files (x86)/gnu tools arm embedded/5.4 2016q3/bin/../lib/gcc/arm-none-eabi/5.4.1/../../../../arm-none-eabi/lib/armv6-m\libm.a(lib_a-s_matherr.o)
 .ARM.attributes
                0x0000073f       0x2c c:/program files (x86)/gnu tools arm embedded/5.4 2016q3/bin/../lib/gcc/arm-none-eabi/5.4.1/../../../../arm-none-eabi/lib/armv6-m\libm.a(lib_a-s_nan.o)
 .ARM.attributes
                0x0000076b       0x2c c:/program files (x86)/gnu tools arm embedded/5.4 2016q3/bin/../lib/gcc/arm-none-eabi/5.4.1/../../../../arm-none-eabi/lib/armv6-m\libm.a(lib_a-s_rint.o)
 .ARM.attributes
                0x00000797       0x2c c:/program files (x86)/gnu tools arm embedded/5.4 2016q3/bin/../lib/gcc/arm-none-eabi/5.4.1/../../../../arm-none-eabi/lib/armv6-m\libm.a(lib_a-s_scalbn.o)
 .ARM.attributes
                0x000007c3       0x2c c:/program files (x86)/gnu tools arm embedded/5.4 2016q3/bin/../lib/gcc/arm-none-eabi/5.4.1/../../../../arm-none-eabi/lib/armv6-m\libm.a(lib_a-s_copysign.o)
 .ARM.attributes
                0x000007ef       0x1e c:/program files (x86)/gnu tools arm embedded/5.4 2016q3/bin/../lib/gcc/arm-none-eabi/5.4.1/armv6-m\libgcc.a(_udivsi3.o)
 .ARM.attributes
                0x0000080d       0x1e c:/program files (x86)/gnu tools arm embedded/5.4 2016q3/bin/../lib/gcc/arm-none-eabi/5.4.1/armv6-m\libgcc.a(_dvmd_tls.o)
 .ARM.attributes
                0x0000082b       0x1e c:/program files (x86)/gnu tools arm embedded/5.4 2016q3/bin/../lib/gcc/arm-none-eabi/5.4.1/armv6-m\libgcc.a(_arm_cmpdf2.o)
 .ARM.attributes
                0x00000849       0x2c c:/program files (x86)/gnu tools arm embedded/5.4 2016q3/bin/../lib/gcc/arm-none-eabi/5.4.1/armv6-m\libgcc.a(_fixunsdfsi.o)
 .ARM.attributes
                0x00000875       0x2c c:/program files (x86)/gnu tools arm embedded/5.4 2016q3/bin/../lib/gcc/arm-none-eabi/5.4.1/armv6-m\libgcc.a(adddf3.o)
 .ARM.attributes
                0x000008a1       0x2c c:/program files (x86)/gnu tools arm embedded/5.4 2016q3/bin/../lib/gcc/arm-none-eabi/5.4.1/armv6-m\libgcc.a(divdf3.o)
 .ARM.attributes
                0x000008cd       0x2c c:/program files (x86)/gnu tools arm embedded/5.4 2016q3/bin/../lib/gcc/arm-none-eabi/5.4.1/armv6-m\libgcc.a(eqdf2.o)
 .ARM.attributes
                0x000008f9       0x2c c:/program files (x86)/gnu tools arm embedded/5.4 2016q3/bin/../lib/gcc/arm-none-eabi/5.4.1/armv6-m\libgcc.a(gedf2.o)
 .ARM.attributes
                0x00000925       0x2c c:/program files (x86)/gnu tools arm embedded/5.4 2016q3/bin/../lib/gcc/arm-none-eabi/5.4.1/armv6-m\libgcc.a(ledf2.o)
 .ARM.attributes
                0x00000951       0x2c c:/program files (x86)/gnu tools arm embedded/5.4 2016q3/bin/../lib/gcc/arm-none-eabi/5.4.1/armv6-m\libgcc.a(muldf3.o)
 .ARM.attributes
                0x0000097d       0x2c c:/program files (x86)/gnu tools arm embedded/5.4 2016q3/bin/../lib/gcc/arm-none-eabi/5.4.1/armv6-m\libgcc.a(subdf3.o)
 .ARM.attributes
                0x000009a9       0x2c c:/program files (x86)/gnu tools arm embedded/5.4 2016q3/bin/../lib/gcc/arm-none-eabi/5.4.1/armv6-m\libgcc.a(unorddf2.o)
 .ARM.attributes
                0x000009d5       0x2c c:/program files (x86)/gnu tools arm embedded/5.4 2016q3/bin/../lib/gcc/arm-none-eabi/5.4.1/armv6-m\libgcc.a(fixdfsi.o)
 .ARM.attributes
                0x00000a01       0x2c c:/program files (x86)/gnu tools arm embedded/5.4 2016q3/bin/../lib/gcc/arm-none-eabi/5.4.1/armv6-m\libgcc.a(floatsidf.o)
 .ARM.attributes
                0x00000a2d       0x2c c:/program files (x86)/gnu tools arm embedded/5.4 2016q3/bin/../lib/gcc/arm-none-eabi/5.4.1/armv6-m\libgcc.a(floatunsidf.o)
 .ARM.attributes
                0x00000a59       0x1e c:/program files (x86)/gnu tools arm embedded/5.4 2016q3/bin/../lib/gcc/arm-none-eabi/5.4.1/armv6-m\libgcc.a(_clzsi2.o)
 .ARM.attributes
                0x00000a77       0x2c c:/program files (x86)/gnu tools arm embedded/5.4 2016q3/bin/../lib/gcc/arm-none-eabi/5.4.1/../../../../arm-none-eabi/lib/armv6-m\libg_nano.a(lib_a-errno.o)
 .ARM.attributes
                0x00000aa3       0x2c c:/program files (x86)/gnu tools arm embedded/5.4 2016q3/bin/../lib/gcc/arm-none-eabi/5.4.1/../../../../arm-none-eabi/lib/armv6-m\libg_nano.a(lib_a-impure.o)
 .ARM.attributes
                0x00000acf       0x2c c:/program files (x86)/gnu tools arm embedded/5.4 2016q3/bin/../lib/gcc/arm-none-eabi/5.4.1/../../../../arm-none-eabi/lib/armv6-m\libg_nano.a(lib_a-init.o)
 .ARM.attributes
                0x00000afb       0x2c c:/program files (x86)/gnu tools arm embedded/5.4 2016q3/bin/../lib/gcc/arm-none-eabi/5.4.1/../../../../arm-none-eabi/lib/armv6-m\libg_nano.a(lib_a-memcpy-stub.o)
 .ARM.attributes
                0x00000b27       0x1c c:/program files (x86)/gnu tools arm embedded/5.4 2016q3/bin/../lib/gcc/arm-none-eabi/5.4.1/../../../../arm-none-eabi/lib/armv6-m\libg_nano.a(lib_a-strlen.o)

.debug
 *(.debug)

.line
 *(.line)

.debug_srcinfo
 *(.debug_srcinfo)

.debug_sfnames
 *(.debug_sfnames)

.debug_aranges  0x00000000     0x1590
 *(.debug_aranges)
 .debug_aranges
                0x00000000       0x28 ./startup/startup_stm32f072xb.o
 .debug_aranges
                0x00000028       0x50 ./Src/GUI.o
 .debug_aranges
                0x00000078       0x70 ./Src/main.o
 .debug_aranges
                0x000000e8       0x50 ./Src/stm32f0xx_hal_msp.o
 .debug_aranges
                0x00000138       0x50 ./Src/stm32f0xx_it.o
 .debug_aranges
                0x00000188       0x28 ./Src/system_stm32f0xx.o
 .debug_aranges
                0x000001b0       0x38 ./Src/t14-ssi.o
 .debug_aranges
                0x000001e8       0x48 ./Src/t14-usb.o
 .debug_aranges
                0x00000230       0x20 ./Src/usb_device.o
 .debug_aranges
                0x00000250       0x40 ./Src/usbd_cdc_if.o
 .debug_aranges
                0x00000290      0x118 ./Src/usbd_conf.o
 .debug_aranges
                0x000003a8       0x50 ./Src/usbd_desc.o
 .debug_aranges
                0x000003f8       0xb8 ./Middlewares/ST/STM32_USB_Device_Library/Core/Src/usbd_core.o
 .debug_aranges
                0x000004b0       0x88 ./Middlewares/ST/STM32_USB_Device_Library/Core/Src/usbd_ctlreq.o
 .debug_aranges
                0x00000538       0x50 ./Middlewares/ST/STM32_USB_Device_Library/Core/Src/usbd_ioreq.o
 .debug_aranges
                0x00000588       0x90 ./Middlewares/ST/STM32_USB_Device_Library/Class/CDC/Src/usbd_cdc.o
 .debug_aranges
                0x00000618       0x88 ./FT801/src/FT_App.o
 .debug_aranges
                0x000006a0      0x1b0 ./FT801/src/FT_CoPro_Cmds.o
 .debug_aranges
                0x00000850      0x158 ./FT801/src/FT_Gpu_Hal.o
 .debug_aranges
                0x000009a8       0xb8 ./Drivers/STM32F0xx_HAL_Driver/Src/stm32f0xx_hal.o
 .debug_aranges
                0x00000a60       0xf8 ./Drivers/STM32F0xx_HAL_Driver/Src/stm32f0xx_hal_adc.o
 .debug_aranges
                0x00000b58       0x78 ./Drivers/STM32F0xx_HAL_Driver/Src/stm32f0xx_hal_cortex.o
 .debug_aranges
                0x00000bd0       0x88 ./Drivers/STM32F0xx_HAL_Driver/Src/stm32f0xx_hal_dma.o
 .debug_aranges
                0x00000c58       0x58 ./Drivers/STM32F0xx_HAL_Driver/Src/stm32f0xx_hal_gpio.o
 .debug_aranges
                0x00000cb0      0x130 ./Drivers/STM32F0xx_HAL_Driver/Src/stm32f0xx_hal_pcd.o
 .debug_aranges
                0x00000de0       0x20 ./Drivers/STM32F0xx_HAL_Driver/Src/stm32f0xx_hal_pcd_ex.o
 .debug_aranges
                0x00000e00       0x80 ./Drivers/STM32F0xx_HAL_Driver/Src/stm32f0xx_hal_rcc.o
 .debug_aranges
                0x00000e80       0x78 ./Drivers/STM32F0xx_HAL_Driver/Src/stm32f0xx_hal_rcc_ex.o
 .debug_aranges
                0x00000ef8      0x1d8 ./Drivers/STM32F0xx_HAL_Driver/Src/stm32f0xx_hal_spi.o
 .debug_aranges
                0x000010d0      0x378 ./Drivers/STM32F0xx_HAL_Driver/Src/stm32f0xx_hal_tim.o
 .debug_aranges
                0x00001448      0x148 ./Drivers/STM32F0xx_HAL_Driver/Src/stm32f0xx_hal_tim_ex.o

.debug_pubnames
 *(.debug_pubnames)

.debug_info     0x00000000    0x22104
 *(.debug_info .gnu.linkonce.wi.*)
 .debug_info    0x00000000       0x65 ./startup/startup_stm32f072xb.o
 .debug_info    0x00000065      0x496 ./Src/GUI.o
 .debug_info    0x000004fb     0x1ce8 ./Src/main.o
 .debug_info    0x000021e3     0x100e ./Src/stm32f0xx_hal_msp.o
 .debug_info    0x000031f1      0x7f8 ./Src/stm32f0xx_it.o
 .debug_info    0x000039e9      0x219 ./Src/system_stm32f0xx.o
 .debug_info    0x00003c02      0x3ea ./Src/t14-ssi.o
 .debug_info    0x00003fec      0x656 ./Src/t14-usb.o
 .debug_info    0x00004642      0x64f ./Src/usb_device.o
 .debug_info    0x00004c91      0x860 ./Src/usbd_cdc_if.o
 .debug_info    0x000054f1     0x175d ./Src/usbd_conf.o
 .debug_info    0x00006c4e      0x515 ./Src/usbd_desc.o
 .debug_info    0x00007163      0xc81 ./Middlewares/ST/STM32_USB_Device_Library/Core/Src/usbd_core.o
 .debug_info    0x00007de4      0xe8e ./Middlewares/ST/STM32_USB_Device_Library/Core/Src/usbd_ctlreq.o
 .debug_info    0x00008c72      0x7a9 ./Middlewares/ST/STM32_USB_Device_Library/Core/Src/usbd_ioreq.o
 .debug_info    0x0000941b      0xd46 ./Middlewares/ST/STM32_USB_Device_Library/Class/CDC/Src/usbd_cdc.o
 .debug_info    0x0000a161     0x397b ./FT801/src/FT_App.o
 .debug_info    0x0000dadc     0x3fe3 ./FT801/src/FT_CoPro_Cmds.o
 .debug_info    0x00011abf     0x1fde ./FT801/src/FT_Gpu_Hal.o
 .debug_info    0x00013a9d      0x69c ./Drivers/STM32F0xx_HAL_Driver/Src/stm32f0xx_hal.o
 .debug_info    0x00014139     0x1348 ./Drivers/STM32F0xx_HAL_Driver/Src/stm32f0xx_hal_adc.o
 .debug_info    0x00015481      0x8e9 ./Drivers/STM32F0xx_HAL_Driver/Src/stm32f0xx_hal_cortex.o
 .debug_info    0x00015d6a      0x9b1 ./Drivers/STM32F0xx_HAL_Driver/Src/stm32f0xx_hal_dma.o
 .debug_info    0x0001671b      0x834 ./Drivers/STM32F0xx_HAL_Driver/Src/stm32f0xx_hal_gpio.o
 .debug_info    0x00016f4f     0x13d3 ./Drivers/STM32F0xx_HAL_Driver/Src/stm32f0xx_hal_pcd.o
 .debug_info    0x00018322      0x5c3 ./Drivers/STM32F0xx_HAL_Driver/Src/stm32f0xx_hal_pcd_ex.o
 .debug_info    0x000188e5      0xd3e ./Drivers/STM32F0xx_HAL_Driver/Src/stm32f0xx_hal_rcc.o
 .debug_info    0x00019623      0x8d4 ./Drivers/STM32F0xx_HAL_Driver/Src/stm32f0xx_hal_rcc_ex.o
 .debug_info    0x00019ef7     0x2189 ./Drivers/STM32F0xx_HAL_Driver/Src/stm32f0xx_hal_spi.o
 .debug_info    0x0001c080     0x4644 ./Drivers/STM32F0xx_HAL_Driver/Src/stm32f0xx_hal_tim.o
 .debug_info    0x000206c4     0x1a40 ./Drivers/STM32F0xx_HAL_Driver/Src/stm32f0xx_hal_tim_ex.o

.debug_abbrev   0x00000000     0x3fd2
 *(.debug_abbrev)
 .debug_abbrev  0x00000000       0x12 ./startup/startup_stm32f072xb.o
 .debug_abbrev  0x00000012      0x1b9 ./Src/GUI.o
 .debug_abbrev  0x000001cb      0x344 ./Src/main.o
 .debug_abbrev  0x0000050f      0x1bf ./Src/stm32f0xx_hal_msp.o
 .debug_abbrev  0x000006ce      0x1a9 ./Src/stm32f0xx_it.o
 .debug_abbrev  0x00000877       0xf3 ./Src/system_stm32f0xx.o
 .debug_abbrev  0x0000096a      0x199 ./Src/t14-ssi.o
 .debug_abbrev  0x00000b03      0x20f ./Src/t14-usb.o
 .debug_abbrev  0x00000d12      0x15d ./Src/usb_device.o
 .debug_abbrev  0x00000e6f      0x1fb ./Src/usbd_cdc_if.o
 .debug_abbrev  0x0000106a      0x29d ./Src/usbd_conf.o
 .debug_abbrev  0x00001307      0x174 ./Src/usbd_desc.o
 .debug_abbrev  0x0000147b      0x209 ./Middlewares/ST/STM32_USB_Device_Library/Core/Src/usbd_core.o
 .debug_abbrev  0x00001684      0x26a ./Middlewares/ST/STM32_USB_Device_Library/Core/Src/usbd_ctlreq.o
 .debug_abbrev  0x000018ee      0x156 ./Middlewares/ST/STM32_USB_Device_Library/Core/Src/usbd_ioreq.o
 .debug_abbrev  0x00001a44      0x24f ./Middlewares/ST/STM32_USB_Device_Library/Class/CDC/Src/usbd_cdc.o
 .debug_abbrev  0x00001c93      0x357 ./FT801/src/FT_App.o
 .debug_abbrev  0x00001fea      0x245 ./FT801/src/FT_CoPro_Cmds.o
 .debug_abbrev  0x0000222f      0x362 ./FT801/src/FT_Gpu_Hal.o
 .debug_abbrev  0x00002591      0x212 ./Drivers/STM32F0xx_HAL_Driver/Src/stm32f0xx_hal.o
 .debug_abbrev  0x000027a3      0x24e ./Drivers/STM32F0xx_HAL_Driver/Src/stm32f0xx_hal_adc.o
 .debug_abbrev  0x000029f1      0x2b7 ./Drivers/STM32F0xx_HAL_Driver/Src/stm32f0xx_hal_cortex.o
 .debug_abbrev  0x00002ca8      0x225 ./Drivers/STM32F0xx_HAL_Driver/Src/stm32f0xx_hal_dma.o
 .debug_abbrev  0x00002ecd      0x218 ./Drivers/STM32F0xx_HAL_Driver/Src/stm32f0xx_hal_gpio.o
 .debug_abbrev  0x000030e5      0x2ad ./Drivers/STM32F0xx_HAL_Driver/Src/stm32f0xx_hal_pcd.o
 .debug_abbrev  0x00003392      0x159 ./Drivers/STM32F0xx_HAL_Driver/Src/stm32f0xx_hal_pcd_ex.o
 .debug_abbrev  0x000034eb      0x236 ./Drivers/STM32F0xx_HAL_Driver/Src/stm32f0xx_hal_rcc.o
 .debug_abbrev  0x00003721      0x214 ./Drivers/STM32F0xx_HAL_Driver/Src/stm32f0xx_hal_rcc_ex.o
 .debug_abbrev  0x00003935      0x25d ./Drivers/STM32F0xx_HAL_Driver/Src/stm32f0xx_hal_spi.o
 .debug_abbrev  0x00003b92      0x220 ./Drivers/STM32F0xx_HAL_Driver/Src/stm32f0xx_hal_tim.o
 .debug_abbrev  0x00003db2      0x220 ./Drivers/STM32F0xx_HAL_Driver/Src/stm32f0xx_hal_tim_ex.o

.debug_line     0x00000000    0x11d45
 *(.debug_line)
 .debug_line    0x00000000       0x83 ./startup/startup_stm32f072xb.o
 .debug_line    0x00000083      0x565 ./Src/GUI.o
 .debug_line    0x000005e8      0xa29 ./Src/main.o
 .debug_line    0x00001011      0x568 ./Src/stm32f0xx_hal_msp.o
 .debug_line    0x00001579      0x54d ./Src/stm32f0xx_it.o
 .debug_line    0x00001ac6      0x223 ./Src/system_stm32f0xx.o
 .debug_line    0x00001ce9      0x547 ./Src/t14-ssi.o
 .debug_line    0x00002230      0x6d6 ./Src/t14-usb.o
 .debug_line    0x00002906      0x62a ./Src/usb_device.o
 .debug_line    0x00002f30      0x659 ./Src/usbd_cdc_if.o
 .debug_line    0x00003589      0x891 ./Src/usbd_conf.o
 .debug_line    0x00003e1a      0x61c ./Src/usbd_desc.o
 .debug_line    0x00004436      0x78e ./Middlewares/ST/STM32_USB_Device_Library/Core/Src/usbd_core.o
 .debug_line    0x00004bc4      0x796 ./Middlewares/ST/STM32_USB_Device_Library/Core/Src/usbd_ctlreq.o
 .debug_line    0x0000535a      0x63b ./Middlewares/ST/STM32_USB_Device_Library/Core/Src/usbd_ioreq.o
 .debug_line    0x00005995      0x793 ./Middlewares/ST/STM32_USB_Device_Library/Class/CDC/Src/usbd_cdc.o
 .debug_line    0x00006128      0xcc8 ./FT801/src/FT_App.o
 .debug_line    0x00006df0      0xc8f ./FT801/src/FT_CoPro_Cmds.o
 .debug_line    0x00007a7f      0xbc3 ./FT801/src/FT_Gpu_Hal.o
 .debug_line    0x00008642      0x656 ./Drivers/STM32F0xx_HAL_Driver/Src/stm32f0xx_hal.o
 .debug_line    0x00008c98      0xc35 ./Drivers/STM32F0xx_HAL_Driver/Src/stm32f0xx_hal_adc.o
 .debug_line    0x000098cd      0x678 ./Drivers/STM32F0xx_HAL_Driver/Src/stm32f0xx_hal_cortex.o
 .debug_line    0x00009f45      0x7e6 ./Drivers/STM32F0xx_HAL_Driver/Src/stm32f0xx_hal_dma.o
 .debug_line    0x0000a72b      0x736 ./Drivers/STM32F0xx_HAL_Driver/Src/stm32f0xx_hal_gpio.o
 .debug_line    0x0000ae61      0xb84 ./Drivers/STM32F0xx_HAL_Driver/Src/stm32f0xx_hal_pcd.o
 .debug_line    0x0000b9e5      0x501 ./Drivers/STM32F0xx_HAL_Driver/Src/stm32f0xx_hal_pcd_ex.o
 .debug_line    0x0000bee6      0x969 ./Drivers/STM32F0xx_HAL_Driver/Src/stm32f0xx_hal_rcc.o
 .debug_line    0x0000c84f      0x810 ./Drivers/STM32F0xx_HAL_Driver/Src/stm32f0xx_hal_rcc_ex.o
 .debug_line    0x0000d05f     0x112d ./Drivers/STM32F0xx_HAL_Driver/Src/stm32f0xx_hal_spi.o
 .debug_line    0x0000e18c     0x2b22 ./Drivers/STM32F0xx_HAL_Driver/Src/stm32f0xx_hal_tim.o
 .debug_line    0x00010cae     0x1097 ./Drivers/STM32F0xx_HAL_Driver/Src/stm32f0xx_hal_tim_ex.o

.debug_frame    0x00000000     0x3ffc
 *(.debug_frame)
 .debug_frame   0x00000000       0xb4 ./Src/GUI.o
 .debug_frame   0x000000b4      0x10c ./Src/main.o
 .debug_frame   0x000001c0       0xbc ./Src/stm32f0xx_hal_msp.o
 .debug_frame   0x0000027c       0x98 ./Src/stm32f0xx_it.o
 .debug_frame   0x00000314       0x3c ./Src/system_stm32f0xx.o
 .debug_frame   0x00000350       0x74 ./Src/t14-ssi.o
 .debug_frame   0x000003c4       0xac ./Src/t14-usb.o
 .debug_frame   0x00000470       0x28 ./Src/usb_device.o
 .debug_frame   0x00000498       0x78 ./Src/usbd_cdc_if.o
 .debug_frame   0x00000510      0x2f8 ./Src/usbd_conf.o
 .debug_frame   0x00000808       0xa8 ./Src/usbd_desc.o
 .debug_frame   0x000008b0      0x1bc ./Middlewares/ST/STM32_USB_Device_Library/Core/Src/usbd_core.o
 .debug_frame   0x00000a6c      0x168 ./Middlewares/ST/STM32_USB_Device_Library/Core/Src/usbd_ctlreq.o
 .debug_frame   0x00000bd4       0xb8 ./Middlewares/ST/STM32_USB_Device_Library/Core/Src/usbd_ioreq.o
 .debug_frame   0x00000c8c      0x148 ./Middlewares/ST/STM32_USB_Device_Library/Class/CDC/Src/usbd_cdc.o
 .debug_frame   0x00000dd4      0x184 ./FT801/src/FT_App.o
 .debug_frame   0x00000f58      0x648 ./FT801/src/FT_CoPro_Cmds.o
 .debug_frame   0x000015a0      0x440 ./FT801/src/FT_Gpu_Hal.o
 .debug_frame   0x000019e0      0x174 ./Drivers/STM32F0xx_HAL_Driver/Src/stm32f0xx_hal.o
 .debug_frame   0x00001b54      0x2b0 ./Drivers/STM32F0xx_HAL_Driver/Src/stm32f0xx_hal_adc.o
 .debug_frame   0x00001e04      0x114 ./Drivers/STM32F0xx_HAL_Driver/Src/stm32f0xx_hal_cortex.o
 .debug_frame   0x00001f18      0x174 ./Drivers/STM32F0xx_HAL_Driver/Src/stm32f0xx_hal_dma.o
 .debug_frame   0x0000208c       0xfc ./Drivers/STM32F0xx_HAL_Driver/Src/stm32f0xx_hal_gpio.o
 .debug_frame   0x00002188      0x2e4 ./Drivers/STM32F0xx_HAL_Driver/Src/stm32f0xx_hal_pcd.o
 .debug_frame   0x0000246c       0x28 ./Drivers/STM32F0xx_HAL_Driver/Src/stm32f0xx_hal_pcd_ex.o
 .debug_frame   0x00002494      0x13c ./Drivers/STM32F0xx_HAL_Driver/Src/stm32f0xx_hal_rcc.o
 .debug_frame   0x000025d0      0x110 ./Drivers/STM32F0xx_HAL_Driver/Src/stm32f0xx_hal_rcc_ex.o
 .debug_frame   0x000026e0      0x584 ./Drivers/STM32F0xx_HAL_Driver/Src/stm32f0xx_hal_spi.o
 .debug_frame   0x00002c64      0xaa8 ./Drivers/STM32F0xx_HAL_Driver/Src/stm32f0xx_hal_tim.o
 .debug_frame   0x0000370c      0x3ec ./Drivers/STM32F0xx_HAL_Driver/Src/stm32f0xx_hal_tim_ex.o
 .debug_frame   0x00003af8       0x3c c:/program files (x86)/gnu tools arm embedded/5.4 2016q3/bin/../lib/gcc/arm-none-eabi/5.4.1/../../../../arm-none-eabi/lib/armv6-m\libm.a(lib_a-s_floor.o)
 .debug_frame   0x00003b34       0x3c c:/program files (x86)/gnu tools arm embedded/5.4 2016q3/bin/../lib/gcc/arm-none-eabi/5.4.1/../../../../arm-none-eabi/lib/armv6-m\libm.a(lib_a-w_pow.o)
 .debug_frame   0x00003b70       0x3c c:/program files (x86)/gnu tools arm embedded/5.4 2016q3/bin/../lib/gcc/arm-none-eabi/5.4.1/../../../../arm-none-eabi/lib/armv6-m\libm.a(lib_a-e_pow.o)
 .debug_frame   0x00003bac       0x3c c:/program files (x86)/gnu tools arm embedded/5.4 2016q3/bin/../lib/gcc/arm-none-eabi/5.4.1/../../../../arm-none-eabi/lib/armv6-m\libm.a(lib_a-e_sqrt.o)
 .debug_frame   0x00003be8       0x20 c:/program files (x86)/gnu tools arm embedded/5.4 2016q3/bin/../lib/gcc/arm-none-eabi/5.4.1/../../../../arm-none-eabi/lib/armv6-m\libm.a(lib_a-s_fabs.o)
 .debug_frame   0x00003c08       0x20 c:/program files (x86)/gnu tools arm embedded/5.4 2016q3/bin/../lib/gcc/arm-none-eabi/5.4.1/../../../../arm-none-eabi/lib/armv6-m\libm.a(lib_a-s_finite.o)
 .debug_frame   0x00003c28       0x20 c:/program files (x86)/gnu tools arm embedded/5.4 2016q3/bin/../lib/gcc/arm-none-eabi/5.4.1/../../../../arm-none-eabi/lib/armv6-m\libm.a(lib_a-s_matherr.o)
 .debug_frame   0x00003c48       0x20 c:/program files (x86)/gnu tools arm embedded/5.4 2016q3/bin/../lib/gcc/arm-none-eabi/5.4.1/../../../../arm-none-eabi/lib/armv6-m\libm.a(lib_a-s_nan.o)
 .debug_frame   0x00003c68       0x38 c:/program files (x86)/gnu tools arm embedded/5.4 2016q3/bin/../lib/gcc/arm-none-eabi/5.4.1/../../../../arm-none-eabi/lib/armv6-m\libm.a(lib_a-s_rint.o)
 .debug_frame   0x00003ca0       0x2c c:/program files (x86)/gnu tools arm embedded/5.4 2016q3/bin/../lib/gcc/arm-none-eabi/5.4.1/../../../../arm-none-eabi/lib/armv6-m\libm.a(lib_a-s_scalbn.o)
 .debug_frame   0x00003ccc       0x2c c:/program files (x86)/gnu tools arm embedded/5.4 2016q3/bin/../lib/gcc/arm-none-eabi/5.4.1/../../../../arm-none-eabi/lib/armv6-m\libm.a(lib_a-s_copysign.o)
 .debug_frame   0x00003cf8       0x20 c:/program files (x86)/gnu tools arm embedded/5.4 2016q3/bin/../lib/gcc/arm-none-eabi/5.4.1/armv6-m\libgcc.a(_udivsi3.o)
 .debug_frame   0x00003d18       0x2c c:/program files (x86)/gnu tools arm embedded/5.4 2016q3/bin/../lib/gcc/arm-none-eabi/5.4.1/armv6-m\libgcc.a(_fixunsdfsi.o)
 .debug_frame   0x00003d44       0x3c c:/program files (x86)/gnu tools arm embedded/5.4 2016q3/bin/../lib/gcc/arm-none-eabi/5.4.1/armv6-m\libgcc.a(adddf3.o)
 .debug_frame   0x00003d80       0x3c c:/program files (x86)/gnu tools arm embedded/5.4 2016q3/bin/../lib/gcc/arm-none-eabi/5.4.1/armv6-m\libgcc.a(divdf3.o)
 .debug_frame   0x00003dbc       0x38 c:/program files (x86)/gnu tools arm embedded/5.4 2016q3/bin/../lib/gcc/arm-none-eabi/5.4.1/armv6-m\libgcc.a(eqdf2.o)
 .debug_frame   0x00003df4       0x38 c:/program files (x86)/gnu tools arm embedded/5.4 2016q3/bin/../lib/gcc/arm-none-eabi/5.4.1/armv6-m\libgcc.a(gedf2.o)
 .debug_frame   0x00003e2c       0x38 c:/program files (x86)/gnu tools arm embedded/5.4 2016q3/bin/../lib/gcc/arm-none-eabi/5.4.1/armv6-m\libgcc.a(ledf2.o)
 .debug_frame   0x00003e64       0x3c c:/program files (x86)/gnu tools arm embedded/5.4 2016q3/bin/../lib/gcc/arm-none-eabi/5.4.1/armv6-m\libgcc.a(muldf3.o)
 .debug_frame   0x00003ea0       0x38 c:/program files (x86)/gnu tools arm embedded/5.4 2016q3/bin/../lib/gcc/arm-none-eabi/5.4.1/armv6-m\libgcc.a(subdf3.o)
 .debug_frame   0x00003ed8       0x2c c:/program files (x86)/gnu tools arm embedded/5.4 2016q3/bin/../lib/gcc/arm-none-eabi/5.4.1/armv6-m\libgcc.a(unorddf2.o)
 .debug_frame   0x00003f04       0x2c c:/program files (x86)/gnu tools arm embedded/5.4 2016q3/bin/../lib/gcc/arm-none-eabi/5.4.1/armv6-m\libgcc.a(fixdfsi.o)
 .debug_frame   0x00003f30       0x2c c:/program files (x86)/gnu tools arm embedded/5.4 2016q3/bin/../lib/gcc/arm-none-eabi/5.4.1/armv6-m\libgcc.a(floatsidf.o)
 .debug_frame   0x00003f5c       0x2c c:/program files (x86)/gnu tools arm embedded/5.4 2016q3/bin/../lib/gcc/arm-none-eabi/5.4.1/armv6-m\libgcc.a(floatunsidf.o)